Component: ARM Compiler 5.06 update 7 (build 960) Tool: armlink [4d3601]

==============================================================================

Section Cross References

    startup_stm32f10x_md.o(RESET) refers to startup_stm32f10x_md.o(STACK) for __initial_sp
    startup_stm32f10x_md.o(RESET) refers to startup_stm32f10x_md.o(.text) for Reset_Handler
    startup_stm32f10x_md.o(RESET) refers to stm32f10x_it.o(i.NMI_Handler) for NMI_Handler
    startup_stm32f10x_md.o(RESET) refers to stm32f10x_it.o(i.HardFault_Handler) for HardFault_Handler
    startup_stm32f10x_md.o(RESET) refers to stm32f10x_it.o(i.MemManage_Handler) for MemManage_Handler
    startup_stm32f10x_md.o(RESET) refers to stm32f10x_it.o(i.BusFault_Handler) for BusFault_Handler
    startup_stm32f10x_md.o(RESET) refers to stm32f10x_it.o(i.UsageFault_Handler) for UsageFault_Handler
    startup_stm32f10x_md.o(RESET) refers to stm32f10x_it.o(i.SVC_Handler) for SVC_Handler
    startup_stm32f10x_md.o(RESET) refers to stm32f10x_it.o(i.DebugMon_Handler) for DebugMon_Handler
    startup_stm32f10x_md.o(RESET) refers to stm32f10x_it.o(i.PendSV_Handler) for PendSV_Handler
    startup_stm32f10x_md.o(RESET) refers to stm32f10x_it.o(i.SysTick_Handler) for SysTick_Handler
    startup_stm32f10x_md.o(RESET) refers to servo.o(i.TIM1_UP_IRQHandler) for TIM1_UP_IRQHandler
    startup_stm32f10x_md.o(.text) refers to system_stm32f10x.o(i.SystemInit) for SystemInit
    startup_stm32f10x_md.o(.text) refers to entry.o(.ARM.Collect$$$$00000000) for __main
    system_stm32f10x.o(i.SetSysClock) refers to system_stm32f10x.o(i.SetSysClockTo72) for SetSysClockTo72
    system_stm32f10x.o(i.SystemCoreClockUpdate) refers to system_stm32f10x.o(.data) for .data
    system_stm32f10x.o(i.SystemInit) refers to system_stm32f10x.o(i.SetSysClock) for SetSysClock
    stm32f10x_adc.o(i.ADC_DeInit) refers to stm32f10x_rcc.o(i.RCC_APB2PeriphResetCmd) for RCC_APB2PeriphResetCmd
    stm32f10x_bkp.o(i.BKP_DeInit) refers to stm32f10x_rcc.o(i.RCC_BackupResetCmd) for RCC_BackupResetCmd
    stm32f10x_can.o(i.CAN_DeInit) refers to stm32f10x_rcc.o(i.RCC_APB1PeriphResetCmd) for RCC_APB1PeriphResetCmd
    stm32f10x_can.o(i.CAN_GetITStatus) refers to stm32f10x_can.o(i.CheckITStatus) for CheckITStatus
    stm32f10x_cec.o(i.CEC_DeInit) refers to stm32f10x_rcc.o(i.RCC_APB1PeriphResetCmd) for RCC_APB1PeriphResetCmd
    stm32f10x_dac.o(i.DAC_DeInit) refers to stm32f10x_rcc.o(i.RCC_APB1PeriphResetCmd) for RCC_APB1PeriphResetCmd
    stm32f10x_flash.o(i.FLASH_EnableWriteProtection) refers to stm32f10x_flash.o(i.FLASH_WaitForLastOperation) for FLASH_WaitForLastOperation
    stm32f10x_flash.o(i.FLASH_EraseAllBank1Pages) refers to stm32f10x_flash.o(i.FLASH_WaitForLastBank1Operation) for FLASH_WaitForLastBank1Operation
    stm32f10x_flash.o(i.FLASH_EraseAllPages) refers to stm32f10x_flash.o(i.FLASH_WaitForLastOperation) for FLASH_WaitForLastOperation
    stm32f10x_flash.o(i.FLASH_EraseOptionBytes) refers to stm32f10x_flash.o(i.FLASH_GetReadOutProtectionStatus) for FLASH_GetReadOutProtectionStatus
    stm32f10x_flash.o(i.FLASH_EraseOptionBytes) refers to stm32f10x_flash.o(i.FLASH_WaitForLastOperation) for FLASH_WaitForLastOperation
    stm32f10x_flash.o(i.FLASH_ErasePage) refers to stm32f10x_flash.o(i.FLASH_WaitForLastOperation) for FLASH_WaitForLastOperation
    stm32f10x_flash.o(i.FLASH_ProgramHalfWord) refers to stm32f10x_flash.o(i.FLASH_WaitForLastOperation) for FLASH_WaitForLastOperation
    stm32f10x_flash.o(i.FLASH_ProgramOptionByteData) refers to stm32f10x_flash.o(i.FLASH_WaitForLastOperation) for FLASH_WaitForLastOperation
    stm32f10x_flash.o(i.FLASH_ProgramWord) refers to stm32f10x_flash.o(i.FLASH_WaitForLastOperation) for FLASH_WaitForLastOperation
    stm32f10x_flash.o(i.FLASH_ReadOutProtection) refers to stm32f10x_flash.o(i.FLASH_WaitForLastOperation) for FLASH_WaitForLastOperation
    stm32f10x_flash.o(i.FLASH_UserOptionByteConfig) refers to stm32f10x_flash.o(i.FLASH_WaitForLastOperation) for FLASH_WaitForLastOperation
    stm32f10x_flash.o(i.FLASH_WaitForLastBank1Operation) refers to stm32f10x_flash.o(i.FLASH_GetBank1Status) for FLASH_GetBank1Status
    stm32f10x_flash.o(i.FLASH_WaitForLastOperation) refers to stm32f10x_flash.o(i.FLASH_GetBank1Status) for FLASH_GetBank1Status
    stm32f10x_gpio.o(i.GPIO_AFIODeInit) refers to stm32f10x_rcc.o(i.RCC_APB2PeriphResetCmd) for RCC_APB2PeriphResetCmd
    stm32f10x_gpio.o(i.GPIO_DeInit) refers to stm32f10x_rcc.o(i.RCC_APB2PeriphResetCmd) for RCC_APB2PeriphResetCmd
    stm32f10x_i2c.o(i.I2C_DeInit) refers to stm32f10x_rcc.o(i.RCC_APB1PeriphResetCmd) for RCC_APB1PeriphResetCmd
    stm32f10x_i2c.o(i.I2C_Init) refers to stm32f10x_rcc.o(i.RCC_GetClocksFreq) for RCC_GetClocksFreq
    stm32f10x_pwr.o(i.PWR_DeInit) refers to stm32f10x_rcc.o(i.RCC_APB1PeriphResetCmd) for RCC_APB1PeriphResetCmd
    stm32f10x_rcc.o(i.RCC_GetClocksFreq) refers to stm32f10x_rcc.o(.data) for .data
[...]
    motor.o(i.Car_TransRight) refers to motor.o(i.Motor1_SetSpeed) for Motor1_SetSpeed
    motor.o(i.Car_TransRight) refers to motor.o(i.Motor2_SetSpeed) for Motor2_SetSpeed
    motor.o(i.Car_TransRight) refers to motor.o(i.Motor3_SetSpeed) for Motor3_SetSpeed
    motor.o(i.Car_TransRight) refers to motor.o(i.Motor4_SetSpeed) for Motor4_SetSpeed
    motor.o(i.Car_TurnLeft) refers to motor.o(i.Motor1_SetSpeed) for Motor1_SetSpeed
    motor.o(i.Car_TurnLeft) refers to motor.o(i.Motor2_SetSpeed) for Motor2_SetSpeed
    motor.o(i.Car_TurnLeft) refers to motor.o(i.Motor3_SetSpeed) for Motor3_SetSpeed
    motor.o(i.Car_TurnLeft) refers to motor.o(i.Motor4_SetSpeed) for Motor4_SetSpeed
    motor.o(i.Car_TurnRight) refers to motor.o(i.Motor1_SetSpeed) for Motor1_SetSpeed
    motor.o(i.Car_TurnRight) refers to motor.o(i.Motor2_SetSpeed) for Motor2_SetSpeed
    motor.o(i.Car_TurnRight) refers to motor.o(i.Motor3_SetSpeed) for Motor3_SetSpeed
    motor.o(i.Car_TurnRight) refers to motor.o(i.Motor4_SetSpeed) for Motor4_SetSpeed
    motor.o(i.Motor1_SetSpeed) refers to stm32f10x_tim.o(i.TIM_SetCompare2) for TIM_SetCompare2
    motor.o(i.Motor1_SetSpeed) refers to stm32f10x_tim.o(i.TIM_SetCompare1) for TIM_SetCompare1
    motor.o(i.Motor2_SetSpeed) refers to stm32f10x_tim.o(i.TIM_SetCompare3) for TIM_SetCompare3
    motor.o(i.Motor2_SetSpeed) refers to stm32f10x_tim.o(i.TIM_SetCompare4) for TIM_SetCompare4
    motor.o(i.Motor3_SetSpeed) refers to stm32f10x_tim.o(i.TIM_SetCompare1) for TIM_SetCompare1
    motor.o(i.Motor3_SetSpeed) refers to stm32f10x_tim.o(i.TIM_SetCompare2) for TIM_SetCompare2
    motor.o(i.Motor4_SetSpeed) refers to stm32f10x_tim.o(i.TIM_SetCompare4) for TIM_SetCompare4
    motor.o(i.Motor4_SetSpeed) refers to stm32f10x_tim.o(i.TIM_SetCompare3) for TIM_SetCompare3
    motor.o(i.Motor_Init) refers to stm32f10x_rcc.o(i.RCC_APB1PeriphClockCmd) for RCC_APB1PeriphClockCmd
    motor.o(i.Motor_Init) refers to stm32f10x_rcc.o(i.RCC_APB2PeriphClockCmd) for RCC_APB2PeriphClockCmd
    motor.o(i.Motor_Init) refers to stm32f10x_gpio.o(i.GPIO_Init) for GPIO_Init
    motor.o(i.Motor_Init) refers to stm32f10x_tim.o(i.TIM_InternalClockConfig) for TIM_InternalClockConfig
    motor.o(i.Motor_Init) refers to stm32f10x_tim.o(i.TIM_TimeBaseInit) for TIM_TimeBaseInit
    motor.o(i.Motor_Init) refers to stm32f10x_tim.o(i.TIM_OCStructInit) for TIM_OCStructInit
    motor.o(i.Motor_Init) refers to stm32f10x_tim.o(i.TIM_OC1Init) for TIM_OC1Init
    motor.o(i.Motor_Init) refers to stm32f10x_tim.o(i.TIM_OC2Init) for TIM_OC2Init
    motor.o(i.Motor_Init) refers to stm32f10x_tim.o(i.TIM_OC3Init) for TIM_OC3Init
    motor.o(i.Motor_Init) refers to stm32f10x_tim.o(i.TIM_OC4Init) for TIM_OC4Init
    motor.o(i.Motor_Init) refers to stm32f10x_tim.o(i.TIM_Cmd) for TIM_Cmd
    sensor.o(i.Sensor0_Get_State) refers to stm32f10x_gpio.o(i.GPIO_ReadInputDataBit) for GPIO_ReadInputDataBit
    sensor.o(i.Sensor1_Get_State) refers to stm32f10x_gpio.o(i.GPIO_ReadInputDataBit) for GPIO_ReadInputDataBit
    sensor.o(i.Sensor2_Get_State) refers to stm32f10x_gpio.o(i.GPIO_ReadInputDataBit) for GPIO_ReadInputDataBit
    sensor.o(i.Sensor3_Get_State) refers to stm32f10x_gpio.o(i.GPIO_ReadInputDataBit) for GPIO_ReadInputDataBit
    sensor.o(i.Sensor_Init) refers to stm32f10x_rcc.o(i.RCC_APB2PeriphClockCmd) for RCC_APB2PeriphClockCmd
    sensor.o(i.Sensor_Init) refers to stm32f10x_gpio.o(i.GPIO_Init) for GPIO_Init
    servo.o(i.RobotArm_DropHand) refers to servo.o(i.Robot_LeftPwm_Set) for Robot_LeftPwm_Set
    servo.o(i.RobotArm_DropHand) refers to servo.o(.data) for .data
    servo.o(i.RobotArm_LetHand) refers to servo.o(i.Robot_UpPwm_Set) for Robot_UpPwm_Set
    servo.o(i.RobotArm_LetHand) refers to servo.o(.data) for .data
    servo.o(i.RobotArm_RaiseHand) refers to servo.o(i.Robot_LeftPwm_Set) for Robot_LeftPwm_Set
    servo.o(i.RobotArm_RaiseHand) refers to servo.o(.data) for .data
    servo.o(i.RobotArm_ShakeHand) refers to servo.o(i.Robot_UpPwm_Set) for Robot_UpPwm_Set
    servo.o(i.RobotArm_ShakeHand) refers to servo.o(.data) for .data
    servo.o(i.RobotArm_ShinkHand) refers to servo.o(i.Robot_RightPwm_Set) for Robot_RightPwm_Set
    servo.o(i.RobotArm_ShinkHand) refers to servo.o(.data) for .data
    servo.o(i.RobotArm_StrechHand) refers to servo.o(i.Robot_RightPwm_Set) for Robot_RightPwm_Set
    servo.o(i.RobotArm_StrechHand) refers to servo.o(.data) for .data
    servo.o(i.Robot_Arm_Gpio_Init) refers to stm32f10x_rcc.o(i.RCC_APB2PeriphClockCmd) for RCC_APB2PeriphClockCmd
    servo.o(i.Robot_Arm_Gpio_Init) refers to stm32f10x_gpio.o(i.GPIO_Init) for GPIO_Init
    servo.o(i.Robot_Arm_Gpio_Init) refers to stm32f10x_gpio.o(i.GPIO_SetBits) for GPIO_SetBits
    servo.o(i.Robot_LeftPwm_Set) refers to servo.o(.data) for .data
    servo.o(i.Robot_RightPwm_Set) refers to servo.o(.data) for .data
    servo.o(i.Robot_UpPwm_Set) refers to servo.o(.data) for .data
    servo.o(i.Servo_Init) refers to servo.o(i.Robot_Arm_Gpio_Init) for Robot_Arm_Gpio_Init
    servo.o(i.Servo_Init) refers to servo.o(i.Servo_Time_Init) for Servo_Time_Init
    servo.o(i.Servo_Init) refers to servo.o(i.Robot_LeftPwm_Set) for Robot_LeftPwm_Set
    servo.o(i.Servo_Init) refers to servo.o(i.Robot_RightPwm_Set) for Robot_RightPwm_Set
    servo.o(i.Servo_Init) refers to servo.o(i.Robot_UpPwm_Set) for Robot_UpPwm_Set
    servo.o(i.Servo_Init) refers to servo.o(.data) for .data
    servo.o(i.Servo_Time_Init) refers to stm32f10x_rcc.o(i.RCC_APB2PeriphClockCmd) for RCC_APB2PeriphClockCmd
    servo.o(i.Servo_Time_Init) refers to stm32f10x_tim.o(i.TIM_InternalClockConfig) for TIM_InternalClockConfig
    servo.o(i.Servo_Time_Init) refers to stm32f10x_tim.o(i.TIM_TimeBaseInit) for TIM_TimeBaseInit
    servo.o(i.Servo_Time_Init) refers to stm32f10x_tim.o(i.TIM_ClearFlag) for TIM_ClearFlag
    servo.o(i.Servo_Time_Init) refers to stm32f10x_tim.o(i.TIM_ITConfig) for TIM_ITConfig
    servo.o(i.Servo_Time_Init) refers to misc.o(i.NVIC_Init) for NVIC_Init
    servo.o(i.Servo_Time_Init) refers to stm32f10x_tim.o(i.TIM_Cmd) for TIM_Cmd
    servo.o(i.TIM1_UP_IRQHandler) refers to stm32f10x_tim.o(i.TIM_GetITStatus) for TIM_GetITStatus
    servo.o(i.TIM1_UP_IRQHandler) refers to stm32f10x_tim.o(i.TIM_ClearITPendingBit) for TIM_ClearITPendingBit
    servo.o(i.TIM1_UP_IRQHandler) refers to stm32f10x_gpio.o(i.GPIO_SetBits) for GPIO_SetBits
    servo.o(i.TIM1_UP_IRQHandler) refers to stm32f10x_gpio.o(i.GPIO_ResetBits) for GPIO_ResetBits
    servo.o(i.TIM1_UP_IRQHandler) refers to servo.o(.data) for .data
    ps2.o(i.PS2_CS_H) refers to stm32f10x_gpio.o(i.GPIO_SetBits) for GPIO_SetBits
    ps2.o(i.PS2_CS_L) refers to stm32f10x_gpio.o(i.GPIO_ResetBits) for GPIO_ResetBits
    ps2.o(i.PS2_ClearData) refers to ps2.o(.bss) for .bss
    ps2.o(i.PS2_Cmd) refers to ps2.o(i.PS2_DO_H) for PS2_DO_H
    ps2.o(i.PS2_Cmd) refers to ps2.o(i.PS2_DO_L) for PS2_DO_L
    ps2.o(i.PS2_Cmd) refers to ps2.o(i.PS2_Delay_US) for PS2_Delay_US
    ps2.o(i.PS2_Cmd) refers to ps2.o(i.PS2_SCK_L) for PS2_SCK_L
    ps2.o(i.PS2_Cmd) refers to ps2.o(i.PS2_DI) for PS2_DI
    ps2.o(i.PS2_Cmd) refers to ps2.o(i.PS2_SCK_H) for PS2_SCK_H
    ps2.o(i.PS2_DI) refers to stm32f10x_gpio.o(i.GPIO_ReadInputDataBit) for GPIO_ReadInputDataBit
    ps2.o(i.PS2_DO_H) refers to stm32f10x_gpio.o(i.GPIO_SetBits) for GPIO_SetBits
    ps2.o(i.PS2_DO_L) refers to stm32f10x_gpio.o(i.GPIO_ResetBits) for GPIO_ResetBits
    ps2.o(i.PS2_EnterConfing) refers to ps2.o(i.PS2_CS_L) for PS2_CS_L
    ps2.o(i.PS2_EnterConfing) refers to ps2.o(i.PS2_Delay_US) for PS2_Delay_US
    ps2.o(i.PS2_EnterConfing) refers to ps2.o(i.PS2_Cmd) for PS2_Cmd
    ps2.o(i.PS2_EnterConfing) refers to ps2.o(i.PS2_CS_H) for PS2_CS_H
    ps2.o(i.PS2_ExitConfing) refers to ps2.o(i.PS2_CS_L) for PS2_CS_L
    ps2.o(i.PS2_ExitConfing) refers to ps2.o(i.PS2_Delay_US) for PS2_Delay_US
    ps2.o(i.PS2_ExitConfing) refers to ps2.o(i.PS2_Cmd) for PS2_Cmd
    ps2.o(i.PS2_ExitConfing) refers to ps2.o(i.PS2_CS_H) for PS2_CS_H
    ps2.o(i.PS2_GPIO_Init) refers to stm32f10x_rcc.o(i.RCC_APB2PeriphClockCmd) for RCC_APB2PeriphClockCmd
    ps2.o(i.PS2_GPIO_Init) refers to stm32f10x_gpio.o(i.GPIO_Init) for GPIO_Init
    ps2.o(i.PS2_Init) refers to ps2.o(i.PS2_GPIO_Init) for PS2_GPIO_Init
    ps2.o(i.PS2_Init) refers to ps2.o(i.PS2_SCK_H) for PS2_SCK_H
    ps2.o(i.PS2_Init) refers to ps2.o(i.PS2_CS_H) for PS2_CS_H
    ps2.o(i.PS2_Init) refers to ps2.o(i.PS2_ShortPoll) for PS2_ShortPoll
    ps2.o(i.PS2_Init) refers to ps2.o(i.PS2_EnterConfing) for PS2_EnterConfing
    ps2.o(i.PS2_Init) refers to ps2.o(i.PS2_TurnOnAnalogMode) for PS2_TurnOnAnalogMode
    ps2.o(i.PS2_Init) refers to ps2.o(i.PS2_ExitConfing) for PS2_ExitConfing
    ps2.o(i.PS2_Init) refers to ps2.o(i.ps2_mode_get) for ps2_mode_get
    ps2.o(i.PS2_ReadData) refers to ps2.o(i.PS2_CS_L) for PS2_CS_L
    ps2.o(i.PS2_ReadData) refers to ps2.o(i.PS2_Delay_US) for PS2_Delay_US
    ps2.o(i.PS2_ReadData) refers to ps2.o(i.PS2_Cmd) for PS2_Cmd
    ps2.o(i.PS2_ReadData) refers to ps2.o(i.PS2_CS_H) for PS2_CS_H
    ps2.o(i.PS2_ReadData) refers to ps2.o(.data) for .data
    ps2.o(i.PS2_ReadData) refers to ps2.o(.bss) for .bss
    ps2.o(i.PS2_SCK_H) refers to stm32f10x_gpio.o(i.GPIO_SetBits) for GPIO_SetBits
    ps2.o(i.PS2_SCK_L) refers to stm32f10x_gpio.o(i.GPIO_ResetBits) for GPIO_ResetBits
    ps2.o(i.PS2_ShortPoll) refers to ps2.o(i.PS2_CS_L) for PS2_CS_L
    ps2.o(i.PS2_ShortPoll) refers to ps2.o(i.PS2_Delay_US) for PS2_Delay_US
    ps2.o(i.PS2_ShortPoll) refers to ps2.o(i.PS2_Cmd) for PS2_Cmd
    ps2.o(i.PS2_ShortPoll) refers to ps2.o(i.PS2_CS_H) for PS2_CS_H
    ps2.o(i.PS2_TurnOnAnalogMode) refers to ps2.o(i.PS2_CS_L) for PS2_CS_L
    ps2.o(i.PS2_TurnOnAnalogMode) refers to ps2.o(i.PS2_Delay_US) for PS2_Delay_US
    ps2.o(i.PS2_TurnOnAnalogMode) refers to ps2.o(i.PS2_Cmd) for PS2_Cmd
    ps2.o(i.PS2_TurnOnAnalogMode) refers to ps2.o(i.PS2_CS_H) for PS2_CS_H
    ps2.o(i.PS2_Vibration) refers to ps2.o(i.PS2_CS_L) for PS2_CS_L
    ps2.o(i.PS2_Vibration) refers to ps2.o(i.PS2_Delay_US) for PS2_Delay_US
    ps2.o(i.PS2_Vibration) refers to ps2.o(i.PS2_Cmd) for PS2_Cmd
    ps2.o(i.PS2_Vibration) refers to ps2.o(i.PS2_CS_H) for PS2_CS_H
    ps2.o(i.PS2_VibrationMode) refers to ps2.o(i.PS2_CS_L) for PS2_CS_L
    ps2.o(i.PS2_VibrationMode) refers to ps2.o(i.PS2_Delay_US) for PS2_Delay_US
    ps2.o(i.PS2_VibrationMode) refers to ps2.o(i.PS2_Cmd) for PS2_Cmd
    ps2.o(i.PS2_VibrationMode) refers to ps2.o(i.PS2_CS_H) for PS2_CS_H
    ps2.o(i.ps2_get_anolog_data) refers to ps2.o(.bss) for .bss
    ps2.o(i.ps2_get_key_state) refers to ps2.o(.data) for .data
    ps2.o(i.ps2_key_serch) refers to ps2.o(i.PS2_ReadData) for PS2_ReadData
    ps2.o(i.ps2_key_serch) refers to ps2.o(.bss) for .bss
    ps2.o(i.ps2_key_serch) refers to ps2.o(.data) for .data
    ps2.o(i.ps2_mode_get) refers to ps2.o(.bss) for .bss
    ps2.o(i.ps2_mode_get) refers to ps2.o(.data) for .data
    main.o(i.main) refers to misc.o(i.NVIC_PriorityGroupConfig) for NVIC_PriorityGroupConfig
    main.o(i.main) refers to ps2.o(i.PS2_Init) for PS2_Init
    main.o(i.main) refers to motor.o(i.Motor_Init) for Motor_Init
    main.o(i.main) refers to servo.o(i.Servo_Init) for Servo_Init
    main.o(i.main) refers to ps2.o(i.ps2_key_serch) for ps2_key_serch
    main.o(i.main) refers to ps2.o(i.ps2_mode_get) for ps2_mode_get
    main.o(i.main) refers to motor.o(i.Car_Forward) for Car_Forward
    main.o(i.main) refers to delay.o(i.Delay_ms) for Delay_ms
    main.o(i.main) refers to ps2.o(i.ps2_get_anolog_data) for ps2_get_anolog_data
    main.o(i.main) refers to ps2.o(i.ps2_get_key_state) for ps2_get_key_state
    main.o(i.main) refers to motor.o(i.Car_TurnLeft) for Car_TurnLeft
    main.o(i.main) refers to motor.o(i.Car_Backward) for Car_Backward
    main.o(i.main) refers to motor.o(i.Car_TransLeft) for Car_TransLeft
    main.o(i.main) refers to motor.o(i.Car_TransRight) for Car_TransRight
    main.o(i.main) refers to motor.o(i.Car_TurnRight) for Car_TurnRight
    main.o(i.main) refers to servo.o(i.RobotArm_RaiseHand) for RobotArm_RaiseHand
    main.o(i.main) refers to servo.o(i.RobotArm_DropHand) for RobotArm_DropHand
    main.o(i.main) refers to servo.o(i.RobotArm_StrechHand) for RobotArm_StrechHand
    main.o(i.main) refers to servo.o(i.RobotArm_ShinkHand) for RobotArm_ShinkHand
    main.o(i.main) refers to servo.o(i.RobotArm_ShakeHand) for RobotArm_ShakeHand
    main.o(i.main) refers to servo.o(i.RobotArm_LetHand) for RobotArm_LetHand
    main.o(i.main) refers to main.o(.data) for .data
    entry.o(.ARM.Collect$$$$00000000) refers (Special) to entry10a.o(.ARM.Collect$$$$0000000F) for __rt_final_cpp
    entry.o(.ARM.Collect$$$$00000000) refers (Special) to entry11a.o(.ARM.Collect$$$$00000011) for __rt_final_exit
    entry.o(.ARM.Collect$$$$00000000) refers (Special) to entry12b.o(.ARM.Collect$$$$0000000E) for __rt_lib_shutdown_fini
    entry.o(.ARM.Collect$$$$00000000) refers (Special) to entry7b.o(.ARM.Collect$$$$00000008) for _main_clock
    entry.o(.ARM.Collect$$$$00000000) refers (Special) to entry8b.o(.ARM.Collect$$$$0000000A) for _main_cpp_init
    entry.o(.ARM.Collect$$$$00000000) refers (Special) to entry9a.o(.ARM.Collect$$$$0000000B) for _main_init
    entry.o(.ARM.Collect$$$$00000000) refers (Special) to entry5.o(.ARM.Collect$$$$00000004) for _main_scatterload
    entry.o(.ARM.Collect$$$$00000000) refers (Special) to entry2.o(.ARM.Collect$$$$00000001) for _main_stk
    entry2.o(.ARM.Collect$$$$00000001) refers to entry2.o(.ARM.Collect$$$$00002712) for __lit__00000000
    entry2.o(.ARM.Collect$$$$00002712) refers to startup_stm32f10x_md.o(STACK) for __initial_sp
    entry2.o(__vectab_stack_and_reset_area) refers to startup_stm32f10x_md.o(STACK) for __initial_sp
    entry2.o(__vectab_stack_and_reset_area) refers to entry.o(.ARM.Collect$$$$00000000) for __main
    entry5.o(.ARM.Collect$$$$00000004) refers to init.o(.text) for __scatterload
    entry9a.o(.ARM.Collect$$$$0000000B) refers to main.o(i.main) for main
    entry9b.o(.ARM.Collect$$$$0000000C) refers to main.o(i.main) for main
    init.o(.text) refers to entry5.o(.ARM.Collect$$$$00000004) for __main_after_scatterload


==============================================================================

Removing Unused input sections from the image.

    Removing startup_stm32f10x_md.o(HEAP), (512 bytes).
    Removing core_cm3.o(.emb_text), (32 bytes).
    Removing system_stm32f10x.o(i.SystemCoreClockUpdate), (124 bytes).
    Removing system_stm32f10x.o(.data), (20 bytes).
    Removing misc.o(i.NVIC_SetVectorTable), (20 bytes).
    Removing misc.o(i.NVIC_SystemLPConfig), (28 bytes).
    Removing misc.o(i.SysTick_CLKSourceConfig), (28 bytes).
    Removing stm32f10x_adc.o(i.ADC_AnalogWatchdogCmd), (16 bytes).
    Removing stm32f10x_adc.o(i.ADC_AnalogWatchdogSingleChannelConfig), (12 bytes).
    Removing stm32f10x_adc.o(i.ADC_AnalogWatchdogThresholdsConfig), (6 bytes).
    Removing stm32f10x_adc.o(i.ADC_AutoInjectedConvCmd), (24 bytes).
    Removing stm32f10x_adc.o(i.ADC_ClearFlag), (6 bytes).
    Removing stm32f10x_adc.o(i.ADC_ClearITPendingBit), (8 bytes).
    Removing stm32f10x_adc.o(i.ADC_Cmd), (24 bytes).
    Removing stm32f10x_adc.o(i.ADC_DMACmd), (24 bytes).
    Removing stm32f10x_adc.o(i.ADC_DeInit), (100 bytes).
    Removing stm32f10x_adc.o(i.ADC_DiscModeChannelCountConfig), (16 bytes).
    Removing stm32f10x_adc.o(i.ADC_DiscModeCmd), (24 bytes).
    Removing stm32f10x_adc.o(i.ADC_ExternalTrigConvCmd), (24 bytes).
    Removing stm32f10x_adc.o(i.ADC_ExternalTrigInjectedConvCmd), (24 bytes).
    Removing stm32f10x_adc.o(i.ADC_ExternalTrigInjectedConvConfig), (12 bytes).
    Removing stm32f10x_adc.o(i.ADC_GetCalibrationStatus), (14 bytes).
    Removing stm32f10x_adc.o(i.ADC_GetConversionValue), (6 bytes).
    Removing stm32f10x_adc.o(i.ADC_GetDualModeConversionValue), (12 bytes).
    Removing stm32f10x_adc.o(i.ADC_GetFlagStatus), (14 bytes).
    Removing stm32f10x_adc.o(i.ADC_GetITStatus), (28 bytes).
    Removing stm32f10x_adc.o(i.ADC_GetInjectedConversionValue), (20 bytes).
    Removing stm32f10x_adc.o(i.ADC_GetResetCalibrationStatus), (14 bytes).
    Removing stm32f10x_adc.o(i.ADC_GetSoftwareStartConvStatus), (14 bytes).
    Removing stm32f10x_adc.o(i.ADC_GetSoftwareStartInjectedConvCmdStatus), (14 bytes).
    Removing stm32f10x_adc.o(i.ADC_ITConfig), (22 bytes).
    Removing stm32f10x_adc.o(i.ADC_Init), (72 bytes).
    Removing stm32f10x_adc.o(i.ADC_InjectedChannelConfig), (74 bytes).
    Removing stm32f10x_adc.o(i.ADC_InjectedDiscModeCmd), (24 bytes).
    Removing stm32f10x_adc.o(i.ADC_InjectedSequencerLengthConfig), (16 bytes).
    Removing stm32f10x_adc.o(i.ADC_RegularChannelConfig), (116 bytes).
    Removing stm32f10x_adc.o(i.ADC_ResetCalibration), (10 bytes).
    Removing stm32f10x_adc.o(i.ADC_SetInjectedOffset), (16 bytes).
    Removing stm32f10x_adc.o(i.ADC_SoftwareStartConvCmd), (24 bytes).
    Removing stm32f10x_adc.o(i.ADC_SoftwareStartInjectedConvCmd), (24 bytes).
    Removing stm32f10x_adc.o(i.ADC_StartCalibration), (10 bytes).
    Removing stm32f10x_adc.o(i.ADC_StructInit), (18 bytes).
    Removing stm32f10x_adc.o(i.ADC_TempSensorVrefintCmd), (32 bytes).
    Removing stm32f10x_bkp.o(i.BKP_ClearFlag), (16 bytes).
    Removing stm32f10x_bkp.o(i.BKP_ClearITPendingBit), (16 bytes).
    Removing stm32f10x_bkp.o(i.BKP_DeInit), (18 bytes).
    Removing stm32f10x_bkp.o(i.BKP_GetFlagStatus), (12 bytes).
    Removing stm32f10x_bkp.o(i.BKP_GetITStatus), (12 bytes).
    Removing stm32f10x_bkp.o(i.BKP_ITConfig), (12 bytes).
    Removing stm32f10x_bkp.o(i.BKP_RTCOutputConfig), (20 bytes).
    Removing stm32f10x_bkp.o(i.BKP_ReadBackupRegister), (20 bytes).
    Removing stm32f10x_bkp.o(i.BKP_SetRTCCalibrationValue), (20 bytes).
    Removing stm32f10x_bkp.o(i.BKP_TamperPinCmd), (12 bytes).
    Removing stm32f10x_bkp.o(i.BKP_TamperPinLevelConfig), (12 bytes).
    Removing stm32f10x_bkp.o(i.BKP_WriteBackupRegister), (20 bytes).
    Removing stm32f10x_can.o(i.CAN_CancelTransmit), (42 bytes).
    Removing stm32f10x_can.o(i.CAN_ClearFlag), (48 bytes).
    Removing stm32f10x_can.o(i.CAN_ClearITPendingBit), (136 bytes).
    Removing stm32f10x_can.o(i.CAN_DBGFreeze), (24 bytes).
    Removing stm32f10x_can.o(i.CAN_DeInit), (56 bytes).
    Removing stm32f10x_can.o(i.CAN_FIFORelease), (24 bytes).
    Removing stm32f10x_can.o(i.CAN_FilterInit), (212 bytes).
    Removing stm32f10x_can.o(i.CAN_GetFlagStatus), (82 bytes).
    Removing stm32f10x_can.o(i.CAN_GetITStatus), (204 bytes).
    Removing stm32f10x_can.o(i.CAN_GetLSBTransmitErrorCounter), (8 bytes).
    Removing stm32f10x_can.o(i.CAN_GetLastErrorCode), (10 bytes).
    Removing stm32f10x_can.o(i.CAN_GetReceiveErrorCounter), (6 bytes).
    Removing stm32f10x_can.o(i.CAN_ITConfig), (20 bytes).
    Removing stm32f10x_can.o(i.CAN_Init), (260 bytes).
    Removing stm32f10x_can.o(i.CAN_MessagePending), (28 bytes).
    Removing stm32f10x_can.o(i.CAN_OperatingModeRequest), (154 bytes).
    Removing stm32f10x_can.o(i.CAN_Receive), (130 bytes).
    Removing stm32f10x_can.o(i.CAN_SlaveStartBank), (44 bytes).
    Removing stm32f10x_can.o(i.CAN_Sleep), (30 bytes).
    Removing stm32f10x_can.o(i.CAN_StructInit), (32 bytes).
    Removing stm32f10x_can.o(i.CAN_TTComModeCmd), (96 bytes).
    Removing stm32f10x_can.o(i.CAN_Transmit), (182 bytes).
    Removing stm32f10x_can.o(i.CAN_TransmitStatus), (136 bytes).
    Removing stm32f10x_can.o(i.CAN_WakeUp), (40 bytes).
    Removing stm32f10x_can.o(i.CheckITStatus), (12 bytes).
    Removing stm32f10x_cec.o(i.CEC_ClearFlag), (32 bytes).
    Removing stm32f10x_cec.o(i.CEC_ClearITPendingBit), (32 bytes).
    Removing stm32f10x_cec.o(i.CEC_Cmd), (28 bytes).
    Removing stm32f10x_cec.o(i.CEC_DeInit), (24 bytes).
    Removing stm32f10x_cec.o(i.CEC_EndOfMessageCmd), (12 bytes).
    Removing stm32f10x_cec.o(i.CEC_GetFlagStatus), (40 bytes).
    Removing stm32f10x_cec.o(i.CEC_GetITStatus), (36 bytes).
    Removing stm32f10x_cec.o(i.CEC_ITConfig), (12 bytes).
    Removing stm32f10x_cec.o(i.CEC_Init), (24 bytes).
    Removing stm32f10x_cec.o(i.CEC_OwnAddressConfig), (12 bytes).
    Removing stm32f10x_cec.o(i.CEC_ReceiveDataByte), (12 bytes).
    Removing stm32f10x_cec.o(i.CEC_SendDataByte), (12 bytes).
    Removing stm32f10x_cec.o(i.CEC_SetPrescaler), (12 bytes).
    Removing stm32f10x_cec.o(i.CEC_StartOfMessage), (12 bytes).
    Removing stm32f10x_crc.o(i.CRC_CalcBlockCRC), (28 bytes).
    Removing stm32f10x_crc.o(i.CRC_CalcCRC), (12 bytes).
    Removing stm32f10x_crc.o(i.CRC_GetCRC), (12 bytes).
    Removing stm32f10x_crc.o(i.CRC_GetIDRegister), (12 bytes).
    Removing stm32f10x_crc.o(i.CRC_ResetDR), (12 bytes).
    Removing stm32f10x_crc.o(i.CRC_SetIDRegister), (12 bytes).
    Removing stm32f10x_dac.o(i.DAC_Cmd), (32 bytes).
    Removing stm32f10x_dac.o(i.DAC_DMACmd), (32 bytes).
    Removing stm32f10x_dac.o(i.DAC_DeInit), (24 bytes).
    Removing stm32f10x_dac.o(i.DAC_DualSoftwareTriggerCmd), (32 bytes).
    Removing stm32f10x_dac.o(i.DAC_GetDataOutputValue), (24 bytes).
    Removing stm32f10x_dac.o(i.DAC_Init), (40 bytes).
    Removing stm32f10x_dac.o(i.DAC_SetChannel1Data), (20 bytes).
    Removing stm32f10x_dac.o(i.DAC_SetChannel2Data), (20 bytes).
    Removing stm32f10x_dac.o(i.DAC_SetDualChannelData), (28 bytes).
    Removing stm32f10x_dac.o(i.DAC_SoftwareTriggerCmd), (32 bytes).
    Removing stm32f10x_dac.o(i.DAC_StructInit), (12 bytes).
    Removing stm32f10x_dac.o(i.DAC_WaveGenerationCmd), (28 bytes).
    Removing stm32f10x_dbgmcu.o(i.DBGMCU_Config), (28 bytes).
    Removing stm32f10x_dbgmcu.o(i.DBGMCU_GetDEVID), (16 bytes).
    Removing stm32f10x_dbgmcu.o(i.DBGMCU_GetREVID), (12 bytes).
    Removing stm32f10x_dma.o(i.DMA_ClearFlag), (24 bytes).
    Removing stm32f10x_dma.o(i.DMA_ClearITPendingBit), (24 bytes).
    Removing stm32f10x_dma.o(i.DMA_Cmd), (26 bytes).
    Removing stm32f10x_dma.o(i.DMA_DeInit), (248 bytes).
    Removing stm32f10x_dma.o(i.DMA_GetCurrDataCounter), (6 bytes).
    Removing stm32f10x_dma.o(i.DMA_GetFlagStatus), (36 bytes).
    Removing stm32f10x_dma.o(i.DMA_GetITStatus), (36 bytes).
    Removing stm32f10x_dma.o(i.DMA_ITConfig), (20 bytes).
    Removing stm32f10x_dma.o(i.DMA_Init), (58 bytes).
    Removing stm32f10x_dma.o(i.DMA_SetCurrDataCounter), (4 bytes).
    Removing stm32f10x_dma.o(i.DMA_StructInit), (26 bytes).
    Removing stm32f10x_exti.o(i.EXTI_ClearFlag), (12 bytes).
    Removing stm32f10x_exti.o(i.EXTI_ClearITPendingBit), (12 bytes).
    Removing stm32f10x_exti.o(i.EXTI_DeInit), (36 bytes).
    Removing stm32f10x_exti.o(i.EXTI_GenerateSWInterrupt), (16 bytes).
    Removing stm32f10x_exti.o(i.EXTI_GetFlagStatus), (20 bytes).
    Removing stm32f10x_exti.o(i.EXTI_GetITStatus), (32 bytes).
    Removing stm32f10x_exti.o(i.EXTI_Init), (116 bytes).
    Removing stm32f10x_exti.o(i.EXTI_StructInit), (14 bytes).
    Removing stm32f10x_flash.o(i.FLASH_ClearFlag), (12 bytes).
    Removing stm32f10x_flash.o(i.FLASH_EnableWriteProtection), (172 bytes).
    Removing stm32f10x_flash.o(i.FLASH_EraseAllBank1Pages), (56 bytes).
    Removing stm32f10x_flash.o(i.FLASH_EraseAllPages), (56 bytes).
    Removing stm32f10x_flash.o(i.FLASH_EraseOptionBytes), (136 bytes).
    Removing stm32f10x_flash.o(i.FLASH_ErasePage), (60 bytes).
    Removing stm32f10x_flash.o(i.FLASH_GetBank1Status), (40 bytes).
    Removing stm32f10x_flash.o(i.FLASH_GetFlagStatus), (36 bytes).
    Removing stm32f10x_flash.o(i.FLASH_GetPrefetchBufferStatus), (20 bytes).
    Removing stm32f10x_flash.o(i.FLASH_GetReadOutProtectionStatus), (20 bytes).
    Removing stm32f10x_flash.o(i.FLASH_GetStatus), (40 bytes).
    Removing stm32f10x_flash.o(i.FLASH_GetUserOptionByte), (12 bytes).
    Removing stm32f10x_flash.o(i.FLASH_GetWriteProtectionOptionByte), (12 bytes).
    Removing stm32f10x_flash.o(i.FLASH_HalfCycleAccessCmd), (24 bytes).
    Removing stm32f10x_flash.o(i.FLASH_ITConfig), (28 bytes).
    Removing stm32f10x_flash.o(i.FLASH_Lock), (16 bytes).
    Removing stm32f10x_flash.o(i.FLASH_LockBank1), (16 bytes).
    Removing stm32f10x_flash.o(i.FLASH_PrefetchBufferCmd), (24 bytes).
    Removing stm32f10x_flash.o(i.FLASH_ProgramHalfWord), (52 bytes).
    Removing stm32f10x_flash.o(i.FLASH_ProgramOptionByteData), (76 bytes).
    Removing stm32f10x_flash.o(i.FLASH_ProgramWord), (92 bytes).
    Removing stm32f10x_flash.o(i.FLASH_ReadOutProtection), (136 bytes).
    Removing stm32f10x_flash.o(i.FLASH_SetLatency), (20 bytes).
    Removing stm32f10x_flash.o(i.FLASH_Unlock), (24 bytes).
    Removing stm32f10x_flash.o(i.FLASH_UnlockBank1), (24 bytes).
    Removing stm32f10x_flash.o(i.FLASH_UserOptionByteConfig), (96 bytes).
    Removing stm32f10x_flash.o(i.FLASH_WaitForLastBank1Operation), (32 bytes).
    Removing stm32f10x_flash.o(i.FLASH_WaitForLastOperation), (32 bytes).
    Removing stm32f10x_fsmc.o(i.FSMC_ClearFlag), (42 bytes).
    Removing stm32f10x_fsmc.o(i.FSMC_ClearITPendingBit), (48 bytes).
    Removing stm32f10x_fsmc.o(i.FSMC_GetECC), (18 bytes).
    Removing stm32f10x_fsmc.o(i.FSMC_GetFlagStatus), (40 bytes).
    Removing stm32f10x_fsmc.o(i.FSMC_GetITStatus), (52 bytes).
    Removing stm32f10x_fsmc.o(i.FSMC_ITConfig), (86 bytes).
    Removing stm32f10x_fsmc.o(i.FSMC_NANDCmd), (64 bytes).
    Removing stm32f10x_fsmc.o(i.FSMC_NANDDeInit), (40 bytes).
    Removing stm32f10x_fsmc.o(i.FSMC_NANDECCCmd), (64 bytes).
    Removing stm32f10x_fsmc.o(i.FSMC_NANDInit), (104 bytes).
    Removing stm32f10x_fsmc.o(i.FSMC_NANDStructInit), (54 bytes).
    Removing stm32f10x_fsmc.o(i.FSMC_NORSRAMCmd), (36 bytes).
    Removing stm32f10x_fsmc.o(i.FSMC_NORSRAMDeInit), (48 bytes).
    Removing stm32f10x_fsmc.o(i.FSMC_NORSRAMInit), (202 bytes).
    Removing stm32f10x_fsmc.o(i.FSMC_NORSRAMStructInit), (98 bytes).
    Removing stm32f10x_fsmc.o(i.FSMC_PCCARDCmd), (36 bytes).
    Removing stm32f10x_fsmc.o(i.FSMC_PCCARDDeInit), (28 bytes).
    Removing stm32f10x_fsmc.o(i.FSMC_PCCARDInit), (104 bytes).
    Removing stm32f10x_fsmc.o(i.FSMC_PCCARDStructInit), (60 bytes).
    Removing stm32f10x_gpio.o(i.GPIO_AFIODeInit), (22 bytes).
    Removing stm32f10x_gpio.o(i.GPIO_DeInit), (216 bytes).
    Removing stm32f10x_gpio.o(i.GPIO_ETH_MediaInterfaceConfig), (12 bytes).
    Removing stm32f10x_gpio.o(i.GPIO_EXTILineConfig), (40 bytes).
    Removing stm32f10x_gpio.o(i.GPIO_EventOutputCmd), (12 bytes).
    Removing stm32f10x_gpio.o(i.GPIO_EventOutputConfig), (28 bytes).
    Removing stm32f10x_gpio.o(i.GPIO_PinLockConfig), (16 bytes).
    Removing stm32f10x_gpio.o(i.GPIO_PinRemapConfig), (92 bytes).
    Removing stm32f10x_gpio.o(i.GPIO_ReadInputData), (6 bytes).
    Removing stm32f10x_gpio.o(i.GPIO_ReadOutputData), (6 bytes).
    Removing stm32f10x_gpio.o(i.GPIO_ReadOutputDataBit), (14 bytes).
    Removing stm32f10x_gpio.o(i.GPIO_StructInit), (16 bytes).
    Removing stm32f10x_gpio.o(i.GPIO_Write), (4 bytes).
    Removing stm32f10x_gpio.o(i.GPIO_WriteBit), (12 bytes).
    Removing stm32f10x_i2c.o(i.I2C_ARPCmd), (24 bytes).
    Removing stm32f10x_i2c.o(i.I2C_AcknowledgeConfig), (24 bytes).
    Removing stm32f10x_i2c.o(i.I2C_CalculatePEC), (24 bytes).
    Removing stm32f10x_i2c.o(i.I2C_CheckEvent), (24 bytes).
    Removing stm32f10x_i2c.o(i.I2C_ClearFlag), (6 bytes).
    Removing stm32f10x_i2c.o(i.I2C_ClearITPendingBit), (6 bytes).
    Removing stm32f10x_i2c.o(i.I2C_Cmd), (24 bytes).
    Removing stm32f10x_i2c.o(i.I2C_DMACmd), (24 bytes).
    Removing stm32f10x_i2c.o(i.I2C_DMALastTransferCmd), (24 bytes).
    Removing stm32f10x_i2c.o(i.I2C_DeInit), (56 bytes).
    Removing stm32f10x_i2c.o(i.I2C_DualAddressCmd), (24 bytes).
    Removing stm32f10x_i2c.o(i.I2C_FastModeDutyCycleConfig), (26 bytes).
    Removing stm32f10x_i2c.o(i.I2C_GeneralCallCmd), (24 bytes).
    Removing stm32f10x_i2c.o(i.I2C_GenerateSTART), (24 bytes).
    Removing stm32f10x_i2c.o(i.I2C_GenerateSTOP), (24 bytes).
    Removing stm32f10x_i2c.o(i.I2C_GetFlagStatus), (50 bytes).
    Removing stm32f10x_i2c.o(i.I2C_GetITStatus), (34 bytes).
    Removing stm32f10x_i2c.o(i.I2C_GetLastEvent), (14 bytes).
    Removing stm32f10x_i2c.o(i.I2C_GetPEC), (6 bytes).
    Removing stm32f10x_i2c.o(i.I2C_ITConfig), (20 bytes).
    Removing stm32f10x_i2c.o(i.I2C_Init), (192 bytes).
    Removing stm32f10x_i2c.o(i.I2C_NACKPositionConfig), (26 bytes).
    Removing stm32f10x_i2c.o(i.I2C_OwnAddress2Config), (16 bytes).
    Removing stm32f10x_i2c.o(i.I2C_PECPositionConfig), (26 bytes).
    Removing stm32f10x_i2c.o(i.I2C_ReadRegister), (16 bytes).
    Removing stm32f10x_i2c.o(i.I2C_ReceiveData), (6 bytes).
    Removing stm32f10x_i2c.o(i.I2C_SMBusAlertConfig), (26 bytes).
    Removing stm32f10x_i2c.o(i.I2C_Send7bitAddress), (18 bytes).
    Removing stm32f10x_i2c.o(i.I2C_SendData), (4 bytes).
    Removing stm32f10x_i2c.o(i.I2C_SoftwareResetCmd), (24 bytes).
    Removing stm32f10x_i2c.o(i.I2C_StretchClockCmd), (24 bytes).
    Removing stm32f10x_i2c.o(i.I2C_StructInit), (28 bytes).
    Removing stm32f10x_i2c.o(i.I2C_TransmitPEC), (24 bytes).
    Removing stm32f10x_iwdg.o(i.IWDG_Enable), (16 bytes).
    Removing stm32f10x_iwdg.o(i.IWDG_GetFlagStatus), (20 bytes).
    Removing stm32f10x_iwdg.o(i.IWDG_ReloadCounter), (16 bytes).
    Removing stm32f10x_iwdg.o(i.IWDG_SetPrescaler), (12 bytes).
    Removing stm32f10x_iwdg.o(i.IWDG_SetReload), (12 bytes).
    Removing stm32f10x_iwdg.o(i.IWDG_WriteAccessCmd), (12 bytes).
    Removing stm32f10x_pwr.o(i.PWR_BackupAccessCmd), (12 bytes).
    Removing stm32f10x_pwr.o(i.PWR_ClearFlag), (16 bytes).
    Removing stm32f10x_pwr.o(i.PWR_DeInit), (24 bytes).
    Removing stm32f10x_pwr.o(i.PWR_EnterSTANDBYMode), (40 bytes).
    Removing stm32f10x_pwr.o(i.PWR_EnterSTOPMode), (52 bytes).
    Removing stm32f10x_pwr.o(i.PWR_GetFlagStatus), (20 bytes).
    Removing stm32f10x_pwr.o(i.PWR_PVDCmd), (12 bytes).
    Removing stm32f10x_pwr.o(i.PWR_PVDLevelConfig), (20 bytes).
    Removing stm32f10x_pwr.o(i.PWR_WakeUpPinCmd), (12 bytes).
    Removing stm32f10x_rcc.o(i.RCC_ADCCLKConfig), (20 bytes).
    Removing stm32f10x_rcc.o(i.RCC_AHBPeriphClockCmd), (28 bytes).
    Removing stm32f10x_rcc.o(i.RCC_APB1PeriphResetCmd), (28 bytes).
    Removing stm32f10x_rcc.o(i.RCC_APB2PeriphResetCmd), (28 bytes).
    Removing stm32f10x_rcc.o(i.RCC_AdjustHSICalibrationValue), (20 bytes).
    Removing stm32f10x_rcc.o(i.RCC_BackupResetCmd), (12 bytes).
    Removing stm32f10x_rcc.o(i.RCC_ClearFlag), (16 bytes).
    Removing stm32f10x_rcc.o(i.RCC_ClearITPendingBit), (12 bytes).
    Removing stm32f10x_rcc.o(i.RCC_ClockSecuritySystemCmd), (12 bytes).
    Removing stm32f10x_rcc.o(i.RCC_DeInit), (64 bytes).
    Removing stm32f10x_rcc.o(i.RCC_GetClocksFreq), (172 bytes).
    Removing stm32f10x_rcc.o(i.RCC_GetFlagStatus), (48 bytes).
    Removing stm32f10x_rcc.o(i.RCC_GetITStatus), (20 bytes).
    Removing stm32f10x_rcc.o(i.RCC_GetSYSCLKSource), (16 bytes).
    Removing stm32f10x_rcc.o(i.RCC_HCLKConfig), (20 bytes).
    Removing stm32f10x_rcc.o(i.RCC_HSEConfig), (56 bytes).
    Removing stm32f10x_rcc.o(i.RCC_HSICmd), (12 bytes).
    Removing stm32f10x_rcc.o(i.RCC_ITConfig), (28 bytes).
    Removing stm32f10x_rcc.o(i.RCC_LSEConfig), (40 bytes).
    Removing stm32f10x_rcc.o(i.RCC_LSICmd), (12 bytes).
    Removing stm32f10x_rcc.o(i.RCC_MCOConfig), (12 bytes).
    Removing stm32f10x_rcc.o(i.RCC_PCLK1Config), (20 bytes).
    Removing stm32f10x_rcc.o(i.RCC_PCLK2Config), (20 bytes).
    Removing stm32f10x_rcc.o(i.RCC_PLLCmd), (12 bytes).
    Removing stm32f10x_rcc.o(i.RCC_PLLConfig), (20 bytes).
    Removing stm32f10x_rcc.o(i.RCC_RTCCLKCmd), (12 bytes).
    Removing stm32f10x_rcc.o(i.RCC_RTCCLKConfig), (16 bytes).
    Removing stm32f10x_rcc.o(i.RCC_SYSCLKConfig), (20 bytes).
    Removing stm32f10x_rcc.o(i.RCC_USBCLKConfig), (12 bytes).
    Removing stm32f10x_rcc.o(i.RCC_WaitForHSEStartUp), (48 bytes).
    Removing stm32f10x_rcc.o(.data), (20 bytes).
    Removing stm32f10x_rtc.o(i.RTC_ClearFlag), (16 bytes).
    Removing stm32f10x_rtc.o(i.RTC_ClearITPendingBit), (16 bytes).
    Removing stm32f10x_rtc.o(i.RTC_EnterConfigMode), (16 bytes).
    Removing stm32f10x_rtc.o(i.RTC_ExitConfigMode), (16 bytes).
    Removing stm32f10x_rtc.o(i.RTC_GetCounter), (20 bytes).
    Removing stm32f10x_rtc.o(i.RTC_GetDivider), (24 bytes).
    Removing stm32f10x_rtc.o(i.RTC_GetFlagStatus), (20 bytes).
    Removing stm32f10x_rtc.o(i.RTC_GetITStatus), (32 bytes).
    Removing stm32f10x_rtc.o(i.RTC_ITConfig), (28 bytes).
    Removing stm32f10x_rtc.o(i.RTC_SetAlarm), (32 bytes).
    Removing stm32f10x_rtc.o(i.RTC_SetCounter), (32 bytes).
    Removing stm32f10x_rtc.o(i.RTC_SetPrescaler), (32 bytes).
    Removing stm32f10x_rtc.o(i.RTC_WaitForLastTask), (16 bytes).
    Removing stm32f10x_rtc.o(i.RTC_WaitForSynchro), (24 bytes).
    Removing stm32f10x_sdio.o(i.SDIO_CEATAITCmd), (16 bytes).
    Removing stm32f10x_sdio.o(i.SDIO_ClearFlag), (12 bytes).
    Removing stm32f10x_sdio.o(i.SDIO_ClearITPendingBit), (12 bytes).
    Removing stm32f10x_sdio.o(i.SDIO_ClockCmd), (12 bytes).
    Removing stm32f10x_sdio.o(i.SDIO_CmdStructInit), (14 bytes).
    Removing stm32f10x_sdio.o(i.SDIO_CommandCompletionCmd), (12 bytes).
    Removing stm32f10x_sdio.o(i.SDIO_DMACmd), (12 bytes).
    Removing stm32f10x_sdio.o(i.SDIO_DataConfig), (44 bytes).
    Removing stm32f10x_sdio.o(i.SDIO_DataStructInit), (20 bytes).
    Removing stm32f10x_sdio.o(i.SDIO_DeInit), (36 bytes).
    Removing stm32f10x_sdio.o(i.SDIO_GetCommandResponse), (12 bytes).
    Removing stm32f10x_sdio.o(i.SDIO_GetDataCounter), (12 bytes).
    Removing stm32f10x_sdio.o(i.SDIO_GetFIFOCount), (12 bytes).
    Removing stm32f10x_sdio.o(i.SDIO_GetFlagStatus), (20 bytes).
    Removing stm32f10x_sdio.o(i.SDIO_GetITStatus), (20 bytes).
    Removing stm32f10x_sdio.o(i.SDIO_GetPowerState), (16 bytes).
    Removing stm32f10x_sdio.o(i.SDIO_GetResponse), (20 bytes).
    Removing stm32f10x_sdio.o(i.SDIO_ITConfig), (28 bytes).
    Removing stm32f10x_sdio.o(i.SDIO_Init), (44 bytes).
    Removing stm32f10x_sdio.o(i.SDIO_ReadData), (12 bytes).
    Removing stm32f10x_sdio.o(i.SDIO_SendCEATACmd), (12 bytes).
    Removing stm32f10x_sdio.o(i.SDIO_SendCommand), (40 bytes).
    Removing stm32f10x_sdio.o(i.SDIO_SendSDIOSuspendCmd), (12 bytes).
    Removing stm32f10x_sdio.o(i.SDIO_SetPowerState), (24 bytes).
    Removing stm32f10x_sdio.o(i.SDIO_SetSDIOOperation), (12 bytes).
    Removing stm32f10x_sdio.o(i.SDIO_SetSDIOReadWaitMode), (12 bytes).
    Removing stm32f10x_sdio.o(i.SDIO_StartSDIOReadWait), (12 bytes).
    Removing stm32f10x_sdio.o(i.SDIO_StopSDIOReadWait), (12 bytes).
    Removing stm32f10x_sdio.o(i.SDIO_StructInit), (16 bytes).
    Removing stm32f10x_sdio.o(i.SDIO_WriteData), (12 bytes).
    Removing stm32f10x_spi.o(i.I2S_Cmd), (24 bytes).
    Removing stm32f10x_spi.o(i.I2S_Init), (168 bytes).
    Removing stm32f10x_spi.o(i.I2S_StructInit), (18 bytes).
    Removing stm32f10x_spi.o(i.SPI_BiDirectionalLineConfig), (26 bytes).
    Removing stm32f10x_spi.o(i.SPI_CalculateCRC), (24 bytes).
    Removing stm32f10x_spi.o(i.SPI_Cmd), (24 bytes).
    Removing stm32f10x_spi.o(i.SPI_DataSizeConfig), (16 bytes).
    Removing stm32f10x_spi.o(i.SPI_GetCRC), (12 bytes).
    Removing stm32f10x_spi.o(i.SPI_GetCRCPolynomial), (4 bytes).
    Removing stm32f10x_spi.o(i.SPI_I2S_ClearFlag), (6 bytes).
    Removing stm32f10x_spi.o(i.SPI_I2S_ClearITPendingBit), (14 bytes).
    Removing stm32f10x_spi.o(i.SPI_I2S_DMACmd), (20 bytes).
    Removing stm32f10x_spi.o(i.SPI_I2S_DeInit), (100 bytes).
    Removing stm32f10x_spi.o(i.SPI_I2S_GetFlagStatus), (14 bytes).
    Removing stm32f10x_spi.o(i.SPI_I2S_GetITStatus), (44 bytes).
    Removing stm32f10x_spi.o(i.SPI_I2S_ITConfig), (28 bytes).
    Removing stm32f10x_spi.o(i.SPI_I2S_ReceiveData), (4 bytes).
    Removing stm32f10x_spi.o(i.SPI_I2S_SendData), (4 bytes).
    Removing stm32f10x_spi.o(i.SPI_Init), (56 bytes).
    Removing stm32f10x_spi.o(i.SPI_NSSInternalSoftwareConfig), (28 bytes).
    Removing stm32f10x_spi.o(i.SPI_SSOutputCmd), (24 bytes).
    Removing stm32f10x_spi.o(i.SPI_StructInit), (24 bytes).
    Removing stm32f10x_spi.o(i.SPI_TransmitCRC), (10 bytes).
    Removing stm32f10x_tim.o(i.TI1_Config), (116 bytes).
    Removing stm32f10x_tim.o(i.TI2_Config), (124 bytes).
    Removing stm32f10x_tim.o(i.TI3_Config), (120 bytes).
    Removing stm32f10x_tim.o(i.TI4_Config), (124 bytes).
    Removing stm32f10x_tim.o(i.TIM_ARRPreloadConfig), (24 bytes).
    Removing stm32f10x_tim.o(i.TIM_BDTRConfig), (34 bytes).
    Removing stm32f10x_tim.o(i.TIM_BDTRStructInit), (18 bytes).
    Removing stm32f10x_tim.o(i.TIM_CCPreloadControl), (24 bytes).
    Removing stm32f10x_tim.o(i.TIM_CCxCmd), (22 bytes).
    Removing stm32f10x_tim.o(i.TIM_CCxNCmd), (22 bytes).
    Removing stm32f10x_tim.o(i.TIM_ClearOC1Ref), (12 bytes).
    Removing stm32f10x_tim.o(i.TIM_ClearOC2Ref), (20 bytes).
    Removing stm32f10x_tim.o(i.TIM_ClearOC3Ref), (12 bytes).
    Removing stm32f10x_tim.o(i.TIM_ClearOC4Ref), (20 bytes).
    Removing stm32f10x_tim.o(i.TIM_CounterModeConfig), (12 bytes).
    Removing stm32f10x_tim.o(i.TIM_CtrlPWMOutputs), (28 bytes).
    Removing stm32f10x_tim.o(i.TIM_DMACmd), (20 bytes).
    Removing stm32f10x_tim.o(i.TIM_DMAConfig), (8 bytes).
    Removing stm32f10x_tim.o(i.TIM_DeInit), (528 bytes).
    Removing stm32f10x_tim.o(i.TIM_ETRClockMode1Config), (32 bytes).
    Removing stm32f10x_tim.o(i.TIM_ETRClockMode2Config), (20 bytes).
    Removing stm32f10x_tim.o(i.TIM_ETRConfig), (24 bytes).
    Removing stm32f10x_tim.o(i.TIM_EncoderInterfaceConfig), (50 bytes).
    Removing stm32f10x_tim.o(i.TIM_ForcedOC1Config), (12 bytes).
    Removing stm32f10x_tim.o(i.TIM_ForcedOC2Config), (20 bytes).
    Removing stm32f10x_tim.o(i.TIM_ForcedOC3Config), (12 bytes).
    Removing stm32f10x_tim.o(i.TIM_ForcedOC4Config), (20 bytes).
    Removing stm32f10x_tim.o(i.TIM_GenerateEvent), (4 bytes).
    Removing stm32f10x_tim.o(i.TIM_GetCapture1), (4 bytes).
    Removing stm32f10x_tim.o(i.TIM_GetCapture2), (4 bytes).
    Removing stm32f10x_tim.o(i.TIM_GetCapture3), (4 bytes).
    Removing stm32f10x_tim.o(i.TIM_GetCapture4), (6 bytes).
    Removing stm32f10x_tim.o(i.TIM_GetCounter), (4 bytes).
    Removing stm32f10x_tim.o(i.TIM_GetFlagStatus), (14 bytes).
    Removing stm32f10x_tim.o(i.TIM_GetPrescaler), (4 bytes).
    Removing stm32f10x_tim.o(i.TIM_ICInit), (140 bytes).
    Removing stm32f10x_tim.o(i.TIM_ICStructInit), (16 bytes).
    Removing stm32f10x_tim.o(i.TIM_ITRxExternalClockConfig), (20 bytes).
    Removing stm32f10x_tim.o(i.TIM_OC1FastConfig), (12 bytes).
    Removing stm32f10x_tim.o(i.TIM_OC1NPolarityConfig), (12 bytes).
    Removing stm32f10x_tim.o(i.TIM_OC1PolarityConfig), (12 bytes).
    Removing stm32f10x_tim.o(i.TIM_OC1PreloadConfig), (12 bytes).
    Removing stm32f10x_tim.o(i.TIM_OC2FastConfig), (20 bytes).
    Removing stm32f10x_tim.o(i.TIM_OC2NPolarityConfig), (20 bytes).
    Removing stm32f10x_tim.o(i.TIM_OC2PolarityConfig), (20 bytes).
    Removing stm32f10x_tim.o(i.TIM_OC2PreloadConfig), (20 bytes).
    Removing stm32f10x_tim.o(i.TIM_OC3FastConfig), (12 bytes).
    Removing stm32f10x_tim.o(i.TIM_OC3NPolarityConfig), (20 bytes).
    Removing stm32f10x_tim.o(i.TIM_OC3PolarityConfig), (20 bytes).
    Removing stm32f10x_tim.o(i.TIM_OC3PreloadConfig), (12 bytes).
    Removing stm32f10x_tim.o(i.TIM_OC4FastConfig), (20 bytes).
    Removing stm32f10x_tim.o(i.TIM_OC4PolarityConfig), (20 bytes).
    Removing stm32f10x_tim.o(i.TIM_OC4PreloadConfig), (20 bytes).
    Removing stm32f10x_tim.o(i.TIM_PWMIConfig), (110 bytes).
    Removing stm32f10x_tim.o(i.TIM_PrescalerConfig), (6 bytes).
    Removing stm32f10x_tim.o(i.TIM_SelectCCDMA), (24 bytes).
    Removing stm32f10x_tim.o(i.TIM_SelectCOM), (24 bytes).
    Removing stm32f10x_tim.o(i.TIM_SelectHallSensor), (24 bytes).
    Removing stm32f10x_tim.o(i.TIM_SelectInputTrigger), (12 bytes).
    Removing stm32f10x_tim.o(i.TIM_SelectMasterSlaveMode), (16 bytes).
    Removing stm32f10x_tim.o(i.TIM_SelectOCxM), (76 bytes).
    Removing stm32f10x_tim.o(i.TIM_SelectOnePulseMode), (16 bytes).
    Removing stm32f10x_tim.o(i.TIM_SelectOutputTrigger), (16 bytes).
    Removing stm32f10x_tim.o(i.TIM_SelectSlaveMode), (16 bytes).
    Removing stm32f10x_tim.o(i.TIM_SetAutoreload), (4 bytes).
    Removing stm32f10x_tim.o(i.TIM_SetClockDivision), (16 bytes).
    Removing stm32f10x_tim.o(i.TIM_SetCounter), (4 bytes).
    Removing stm32f10x_tim.o(i.TIM_SetIC1Prescaler), (16 bytes).
    Removing stm32f10x_tim.o(i.TIM_SetIC2Prescaler), (24 bytes).
    Removing stm32f10x_tim.o(i.TIM_SetIC3Prescaler), (16 bytes).
    Removing stm32f10x_tim.o(i.TIM_SetIC4Prescaler), (24 bytes).
    Removing stm32f10x_tim.o(i.TIM_TIxExternalClockConfig), (48 bytes).
    Removing stm32f10x_tim.o(i.TIM_TimeBaseStructInit), (18 bytes).
    Removing stm32f10x_tim.o(i.TIM_UpdateDisableConfig), (24 bytes).
    Removing stm32f10x_tim.o(i.TIM_UpdateRequestConfig), (24 bytes).
    Removing stm32f10x_usart.o(i.USART_ClearFlag), (8 bytes).
    Removing stm32f10x_usart.o(i.USART_ClearITPendingBit), (16 bytes).
    Removing stm32f10x_usart.o(i.USART_ClockInit), (30 bytes).
    Removing stm32f10x_usart.o(i.USART_ClockStructInit), (12 bytes).
    Removing stm32f10x_usart.o(i.USART_Cmd), (24 bytes).
    Removing stm32f10x_usart.o(i.USART_DMACmd), (20 bytes).
    Removing stm32f10x_usart.o(i.USART_DeInit), (164 bytes).
    Removing stm32f10x_usart.o(i.USART_GetFlagStatus), (14 bytes).
    Removing stm32f10x_usart.o(i.USART_GetITStatus), (64 bytes).
    Removing stm32f10x_usart.o(i.USART_HalfDuplexCmd), (24 bytes).
    Removing stm32f10x_usart.o(i.USART_ITConfig), (54 bytes).
    Removing stm32f10x_usart.o(i.USART_Init), (188 bytes).
    Removing stm32f10x_usart.o(i.USART_IrDACmd), (24 bytes).
    Removing stm32f10x_usart.o(i.USART_IrDAConfig), (16 bytes).
    Removing stm32f10x_usart.o(i.USART_LINBreakDetectLengthConfig), (16 bytes).
    Removing stm32f10x_usart.o(i.USART_LINCmd), (24 bytes).
    Removing stm32f10x_usart.o(i.USART_OneBitMethodCmd), (24 bytes).
    Removing stm32f10x_usart.o(i.USART_OverSampling8Cmd), (24 bytes).
    Removing stm32f10x_usart.o(i.USART_ReceiveData), (8 bytes).
    Removing stm32f10x_usart.o(i.USART_ReceiverWakeUpCmd), (24 bytes).
    Removing stm32f10x_usart.o(i.USART_SendBreak), (10 bytes).
    Removing stm32f10x_usart.o(i.USART_SendData), (8 bytes).
    Removing stm32f10x_usart.o(i.USART_SetAddress), (16 bytes).
    Removing stm32f10x_usart.o(i.USART_SetGuardTime), (16 bytes).
    Removing stm32f10x_usart.o(i.USART_SetPrescaler), (16 bytes).
    Removing stm32f10x_usart.o(i.USART_SmartCardCmd), (24 bytes).
    Removing stm32f10x_usart.o(i.USART_SmartCardNACKCmd), (24 bytes).
    Removing stm32f10x_usart.o(i.USART_StructInit), (22 bytes).
    Removing stm32f10x_usart.o(i.USART_WakeUpConfig), (16 bytes).
    Removing stm32f10x_wwdg.o(i.WWDG_ClearFlag), (12 bytes).
    Removing stm32f10x_wwdg.o(i.WWDG_DeInit), (24 bytes).
    Removing stm32f10x_wwdg.o(i.WWDG_Enable), (16 bytes).
    Removing stm32f10x_wwdg.o(i.WWDG_EnableIT), (12 bytes).
    Removing stm32f10x_wwdg.o(i.WWDG_GetFlagStatus), (12 bytes).
    Removing stm32f10x_wwdg.o(i.WWDG_SetCounter), (16 bytes).
    Removing stm32f10x_wwdg.o(i.WWDG_SetPrescaler), (20 bytes).
    Removing stm32f10x_wwdg.o(i.WWDG_SetWindowValue), (32 bytes).
    Removing delay.o(i.Delay_s), (24 bytes).
    Removing timer.o(i.Timer_GetCounter), (8 bytes).
    Removing timer.o(i.Timer_Init), (160 bytes).
    Removing motor.o(i.Car_Stop), (38 bytes).
    Removing sensor.o(i.Sensor0_Get_State), (12 bytes).
    Removing sensor.o(i.Sensor1_Get_State), (12 bytes).
    Removing sensor.o(i.Sensor2_Get_State), (12 bytes).
    Removing sensor.o(i.Sensor3_Get_State), (12 bytes).
    Removing sensor.o(i.Sensor_Init), (44 bytes).
    Removing ps2.o(i.PS2_ClearData), (24 bytes).
    Removing ps2.o(i.PS2_Vibration), (84 bytes).
    Removing ps2.o(i.PS2_VibrationMode), (56 bytes).
    Removing ps2.o(.bss), (12 bytes).

466 unused section(s) (total 16232 bytes) removed from the image.

==============================================================================

Image Symbol Table

    Local Symbols

    Symbol Name                              Value     Ov Type        Size  Object(Section)

    ../clib/microlib/init/entry.s            0x00000000   Number         0  entry11a.o ABSOLUTE
    ../clib/microlib/init/entry.s            0x00000000   Number         0  entry9a.o ABSOLUTE
    ../clib/microlib/init/entry.s            0x00000000   Number         0  entry9b.o ABSOLUTE
    ../clib/microlib/init/entry.s            0x00000000   Number         0  entry10a.o ABSOLUTE
    ../clib/microlib/init/entry.s            0x00000000   Number         0  entry10b.o ABSOLUTE
    ../clib/microlib/init/entry.s            0x00000000   Number         0  entry11b.o ABSOLUTE
    ../clib/microlib/init/entry.s            0x00000000   Number         0  entry.o ABSOLUTE
    ../clib/microlib/init/entry.s            0x00000000   Number         0  entry12a.o ABSOLUTE
    ../clib/microlib/init/entry.s            0x00000000   Number         0  entry2.o ABSOLUTE
    ../clib/microlib/init/entry.s            0x00000000   Number         0  entry8a.o ABSOLUTE
    ../clib/microlib/init/entry.s            0x00000000   Number         0  entry5.o ABSOLUTE
    ../clib/microlib/init/entry.s            0x00000000   Number         0  entry7a.o ABSOLUTE
    ../clib/microlib/init/entry.s            0x00000000   Number         0  entry7b.o ABSOLUTE
    ../clib/microlib/init/entry.s            0x00000000   Number         0  entry8b.o ABSOLUTE
    ../clib/microlib/init/entry.s            0x00000000   Number         0  entry12b.o ABSOLUTE
    Hardware\Motor.c                         0x00000000   Number         0  motor.o ABSOLUTE
    Hardware\Sensor.c                        0x00000000   Number         0  sensor.o ABSOLUTE
    Hardware\Servo.c                         0x00000000   Number         0  servo.o ABSOLUTE
    Hardware\ps2.c                           0x00000000   Number         0  ps2.o ABSOLUTE
    Library\misc.c                           0x00000000   Number         0  misc.o ABSOLUTE
    Library\stm32f10x_adc.c                  0x00000000   Number         0  stm32f10x_adc.o ABSOLUTE
    Library\stm32f10x_bkp.c                  0x00000000   Number         0  stm32f10x_bkp.o ABSOLUTE
    Library\stm32f10x_can.c                  0x00000000   Number         0  stm32f10x_can.o ABSOLUTE
    Library\stm32f10x_cec.c                  0x00000000   Number         0  stm32f10x_cec.o ABSOLUTE
    Library\stm32f10x_crc.c                  0x00000000   Number         0  stm32f10x_crc.o ABSOLUTE
    Library\stm32f10x_dac.c                  0x00000000   Number         0  stm32f10x_dac.o ABSOLUTE
    Library\stm32f10x_dbgmcu.c               0x00000000   Number         0  stm32f10x_dbgmcu.o ABSOLUTE
    Library\stm32f10x_dma.c                  0x00000000   Number         0  stm32f10x_dma.o ABSOLUTE
    Library\stm32f10x_exti.c                 0x00000000   Number         0  stm32f10x_exti.o ABSOLUTE
    Library\stm32f10x_flash.c                0x00000000   Number         0  stm32f10x_flash.o ABSOLUTE
    Library\stm32f10x_fsmc.c                 0x00000000   Number         0  stm32f10x_fsmc.o ABSOLUTE
    Library\stm32f10x_gpio.c                 0x00000000   Number         0  stm32f10x_gpio.o ABSOLUTE
    Library\stm32f10x_i2c.c                  0x00000000   Number         0  stm32f10x_i2c.o ABSOLUTE
    Library\stm32f10x_iwdg.c                 0x00000000   Number         0  stm32f10x_iwdg.o ABSOLUTE
    Library\stm32f10x_pwr.c                  0x00000000   Number         0  stm32f10x_pwr.o ABSOLUTE
    Library\stm32f10x_rcc.c                  0x00000000   Number         0  stm32f10x_rcc.o ABSOLUTE
    Library\stm32f10x_rtc.c                  0x00000000   Number         0  stm32f10x_rtc.o ABSOLUTE
    Library\stm32f10x_sdio.c                 0x00000000   Number         0  stm32f10x_sdio.o ABSOLUTE
    Library\stm32f10x_spi.c                  0x00000000   Number         0  stm32f10x_spi.o ABSOLUTE
    Library\stm32f10x_tim.c                  0x00000000   Number         0  stm32f10x_tim.o ABSOLUTE
    Library\stm32f10x_usart.c                0x00000000   Number         0  stm32f10x_usart.o ABSOLUTE
    Library\stm32f10x_wwdg.c                 0x00000000   Number         0  stm32f10x_wwdg.o ABSOLUTE
    Start\\core_cm3.c                        0x00000000   Number         0  core_cm3.o ABSOLUTE
    Start\core_cm3.c                         0x00000000   Number         0  core_cm3.o ABSOLUTE
    Start\startup_stm32f10x_md.s             0x00000000   Number         0  startup_stm32f10x_md.o ABSOLUTE
    Start\system_stm32f10x.c                 0x00000000   Number         0  system_stm32f10x.o ABSOLUTE
    System\Delay.c                           0x00000000   Number         0  delay.o ABSOLUTE
    System\Timer.c                           0x00000000   Number         0  timer.o ABSOLUTE
    User\main.c                              0x00000000   Number         0  main.o ABSOLUTE
    User\stm32f10x_it.c                      0x00000000   Number         0  stm32f10x_it.o ABSOLUTE
    dc.s                                     0x00000000   Number         0  dc.o ABSOLUTE
    handlers.s                               0x00000000   Number         0  handlers.o ABSOLUTE
    init.s                                   0x00000000   Number         0  init.o ABSOLUTE
    RESET                                    0x08000000   Section      236  startup_stm32f10x_md.o(RESET)
    .ARM.Collect$$$$00000000                 0x080000ec   Section        0  entry.o(.ARM.Collect$$$$00000000)
    .ARM.Collect$$$$00000001                 0x080000ec   Section        4  entry2.o(.ARM.Collect$$$$00000001)
    .ARM.Collect$$$$00000004                 0x080000f0   Section        4  entry5.o(.ARM.Collect$$$$00000004)
    .ARM.Collect$$$$00000008                 0x080000f4   Section        0  entry7b.o(.ARM.Collect$$$$00000008)
    .ARM.Collect$$$$0000000A                 0x080000f4   Section        0  entry8b.o(.ARM.Collect$$$$0000000A)
    .ARM.Collect$$$$0000000B                 0x080000f4   Section        8  entry9a.o(.ARM.Collect$$$$0000000B)
    .ARM.Collect$$$$0000000E                 0x080000fc   Section        4  entry12b.o(.ARM.Collect$$$$0000000E)
    .ARM.Collect$$$$0000000F                 0x08000100   Section        0  entry10a.o(.ARM.Collect$$$$0000000F)
    .ARM.Collect$$$$00000011                 0x08000100   Section        0  entry11a.o(.ARM.Collect$$$$00000011)
    .ARM.Collect$$$$00002712                 0x08000100   Section        4  entry2.o(.ARM.Collect$$$$00002712)
    __lit__00000000                          0x08000100   Data           4  entry2.o(.ARM.Collect$$$$00002712)
    .text                                    0x08000104   Section       36  startup_stm32f10x_md.o(.text)
    .text                                    0x08000128   Section       36  init.o(.text)
    i.BusFault_Handler                       0x0800014c   Section        0  stm32f10x_it.o(i.BusFault_Handler)
    i.Car_Backward                           0x0800014e   Section        0  motor.o(i.Car_Backward)
    i.Car_Forward                            0x08000176   Section        0  motor.o(i.Car_Forward)
    i.Car_TransLeft                          0x0800019e   Section        0  motor.o(i.Car_TransLeft)
    i.Car_TransRight                         0x080001c6   Section        0  motor.o(i.Car_TransRight)
    i.Car_TurnLeft                           0x080001ee   Section        0  motor.o(i.Car_TurnLeft)
    i.Car_TurnRight                          0x08000216   Section        0  motor.o(i.Car_TurnRight)
    i.DebugMon_Handler                       0x0800023e   Section        0  stm32f10x_it.o(i.DebugMon_Handler)
    i.Delay_ms                               0x08000240   Section        0  delay.o(i.Delay_ms)
    i.Delay_us                               0x08000258   Section        0  delay.o(i.Delay_us)
    i.GPIO_Init                              0x08000278   Section        0  stm32f10x_gpio.o(i.GPIO_Init)
    i.GPIO_ReadInputDataBit                  0x0800031e   Section        0  stm32f10x_gpio.o(i.GPIO_ReadInputDataBit)
    i.GPIO_ResetBits                         0x0800032c   Section        0  stm32f10x_gpio.o(i.GPIO_ResetBits)
    i.GPIO_SetBits                           0x08000330   Section        0  stm32f10x_gpio.o(i.GPIO_SetBits)
    i.HardFault_Handler                      0x08000334   Section        0  stm32f10x_it.o(i.HardFault_Handler)
    i.MemManage_Handler                      0x08000336   Section        0  stm32f10x_it.o(i.MemManage_Handler)
    i.Motor1_SetSpeed                        0x08000338   Section        0  motor.o(i.Motor1_SetSpeed)
    i.Motor2_SetSpeed                        0x08000374   Section        0  motor.o(i.Motor2_SetSpeed)
    i.Motor3_SetSpeed                        0x080003b0   Section        0  motor.o(i.Motor3_SetSpeed)
    i.Motor4_SetSpeed                        0x080003f0   Section        0  motor.o(i.Motor4_SetSpeed)
    i.Motor_Init                             0x08000430   Section        0  motor.o(i.Motor_Init)
    i.NMI_Handler                            0x08000570   Section        0  stm32f10x_it.o(i.NMI_Handler)
    i.NVIC_Init                              0x08000574   Section        0  misc.o(i.NVIC_Init)
    i.NVIC_PriorityGroupConfig               0x080005d8   Section        0  misc.o(i.NVIC_PriorityGroupConfig)
    i.PS2_CS_H                               0x080005ec   Section        0  ps2.o(i.PS2_CS_H)
    i.PS2_CS_L                               0x080005f8   Section        0  ps2.o(i.PS2_CS_L)
    i.PS2_Cmd                                0x08000604   Section        0  ps2.o(i.PS2_Cmd)
    i.PS2_DI                                 0x08000658   Section        0  ps2.o(i.PS2_DI)
    i.PS2_DO_H                               0x08000664   Section        0  ps2.o(i.PS2_DO_H)
    i.PS2_DO_L                               0x08000670   Section        0  ps2.o(i.PS2_DO_L)
    i.PS2_Delay_US                           0x0800067c   Section        0  ps2.o(i.PS2_Delay_US)
    i.PS2_EnterConfing                       0x08000686   Section        0  ps2.o(i.PS2_EnterConfing)
    i.PS2_ExitConfing                        0x080006d6   Section        0  ps2.o(i.PS2_ExitConfing)
    i.PS2_GPIO_Init                          0x08000728   Section        0  ps2.o(i.PS2_GPIO_Init)
    i.PS2_Init                               0x0800076c   Section        0  ps2.o(i.PS2_Init)
    i.PS2_ReadData                           0x0800079c   Section        0  ps2.o(i.PS2_ReadData)
    i.PS2_SCK_H                              0x080007e4   Section        0  ps2.o(i.PS2_SCK_H)
    i.PS2_SCK_L                              0x080007f0   Section        0  ps2.o(i.PS2_SCK_L)
    i.PS2_ShortPoll                          0x080007fc   Section        0  ps2.o(i.PS2_ShortPoll)
    i.PS2_TurnOnAnalogMode                   0x08000834   Section        0  ps2.o(i.PS2_TurnOnAnalogMode)
    i.PendSV_Handler                         0x08000884   Section        0  stm32f10x_it.o(i.PendSV_Handler)
    i.RCC_APB1PeriphClockCmd                 0x08000888   Section        0  stm32f10x_rcc.o(i.RCC_APB1PeriphClockCmd)
    i.RCC_APB2PeriphClockCmd                 0x080008a4   Section        0  stm32f10x_rcc.o(i.RCC_APB2PeriphClockCmd)
    i.RobotArm_DropHand                      0x080008c0   Section        0  servo.o(i.RobotArm_DropHand)
    i.RobotArm_LetHand                       0x080008d0   Section        0  servo.o(i.RobotArm_LetHand)
    i.RobotArm_RaiseHand                     0x080008e0   Section        0  servo.o(i.RobotArm_RaiseHand)
    i.RobotArm_ShakeHand                     0x080008f0   Section        0  servo.o(i.RobotArm_ShakeHand)
    i.RobotArm_ShinkHand                     0x08000900   Section        0  servo.o(i.RobotArm_ShinkHand)
    i.RobotArm_StrechHand                    0x08000910   Section        0  servo.o(i.RobotArm_StrechHand)
    i.Robot_Arm_Gpio_Init                    0x08000920   Section        0  servo.o(i.Robot_Arm_Gpio_Init)
    i.Robot_LeftPwm_Set                      0x08000958   Section        0  servo.o(i.Robot_LeftPwm_Set)
    i.Robot_RightPwm_Set                     0x08000974   Section        0  servo.o(i.Robot_RightPwm_Set)
    i.Robot_UpPwm_Set                        0x08000990   Section        0  servo.o(i.Robot_UpPwm_Set)
    i.SVC_Handler                            0x080009ac   Section        0  stm32f10x_it.o(i.SVC_Handler)
    i.Servo_Init                             0x080009b0   Section        0  servo.o(i.Servo_Init)
    i.Servo_Time_Init                        0x080009e0   Section        0  servo.o(i.Servo_Time_Init)
    i.SetSysClock                            0x08000a50   Section        0  system_stm32f10x.o(i.SetSysClock)
    SetSysClock                              0x08000a51   Thumb Code     4  system_stm32f10x.o(i.SetSysClock)
    i.SetSysClockTo72                        0x08000a54   Section        0  system_stm32f10x.o(i.SetSysClockTo72)
    SetSysClockTo72                          0x08000a55   Thumb Code   166  system_stm32f10x.o(i.SetSysClockTo72)
    i.SysTick_Handler                        0x08000b04   Section        0  stm32f10x_it.o(i.SysTick_Handler)
    i.SystemInit                             0x08000b08   Section        0  system_stm32f10x.o(i.SystemInit)
    i.TIM1_UP_IRQHandler                     0x08000b58   Section        0  servo.o(i.TIM1_UP_IRQHandler)
    i.TIM_ClearFlag                          0x08000bf4   Section        0  stm32f10x_tim.o(i.TIM_ClearFlag)
    i.TIM_ClearITPendingBit                  0x08000bfa   Section        0  stm32f10x_tim.o(i.TIM_ClearITPendingBit)
    i.TIM_Cmd                                0x08000c00   Section        0  stm32f10x_tim.o(i.TIM_Cmd)
    i.TIM_GetITStatus                        0x08000c18   Section        0  stm32f10x_tim.o(i.TIM_GetITStatus)
    i.TIM_ITConfig                           0x08000c30   Section        0  stm32f10x_tim.o(i.TIM_ITConfig)
    i.TIM_InternalClockConfig                0x08000c44   Section        0  stm32f10x_tim.o(i.TIM_InternalClockConfig)
    i.TIM_OC1Init                            0x08000c50   Section        0  stm32f10x_tim.o(i.TIM_OC1Init)
    i.TIM_OC2Init                            0x08000cd8   Section        0  stm32f10x_tim.o(i.TIM_OC2Init)
    i.TIM_OC3Init                            0x08000d60   Section        0  stm32f10x_tim.o(i.TIM_OC3Init)
    i.TIM_OC4Init                            0x08000de4   Section        0  stm32f10x_tim.o(i.TIM_OC4Init)
    i.TIM_OCStructInit                       0x08000e4c   Section        0  stm32f10x_tim.o(i.TIM_OCStructInit)
    i.TIM_SetCompare1                        0x08000e60   Section        0  stm32f10x_tim.o(i.TIM_SetCompare1)
    i.TIM_SetCompare2                        0x08000e64   Section        0  stm32f10x_tim.o(i.TIM_SetCompare2)
    i.TIM_SetCompare3                        0x08000e68   Section        0  stm32f10x_tim.o(i.TIM_SetCompare3)
    i.TIM_SetCompare4                        0x08000e6c   Section        0  stm32f10x_tim.o(i.TIM_SetCompare4)
    i.TIM_TimeBaseInit                       0x08000e74   Section        0  stm32f10x_tim.o(i.TIM_TimeBaseInit)
    i.UsageFault_Handler                     0x08000f10   Section        0  stm32f10x_it.o(i.UsageFault_Handler)
    i.__scatterload_copy                     0x08000f12   Section       14  handlers.o(i.__scatterload_copy)
    i.__scatterload_null                     0x08000f20   Section        2  handlers.o(i.__scatterload_null)
    i.__scatterload_zeroinit                 0x08000f22   Section       14  handlers.o(i.__scatterload_zeroinit)
    i.main                                   0x08000f30   Section        0  main.o(i.main)
    i.ps2_get_anolog_data                    0x08001114   Section        0  ps2.o(i.ps2_get_anolog_data)
    i.ps2_get_key_state                      0x08001120   Section        0  ps2.o(i.ps2_get_key_state)
    i.ps2_key_serch                          0x08001138   Section        0  ps2.o(i.ps2_key_serch)
    i.ps2_mode_get                           0x0800118c   Section        0  ps2.o(i.ps2_mode_get)
    .data                                    0x20000000   Section       14  servo.o(.data)
    .data                                    0x20000010   Section      148  ps2.o(.data)
    .data                                    0x200000a4   Section        3  main.o(.data)
    .bss                                     0x200000a8   Section        9  ps2.o(.bss)
    STACK                                    0x200000b8   Section     1024  startup_stm32f10x_md.o(STACK)

    Global Symbols

    Symbol Name                              Value     Ov Type        Size  Object(Section)

    BuildAttributes$$THM_ISAv4$P$D$K$B$S$PE$A:L22UL41UL21$X:L11$S22US41US21$IEEE1$IW$USESV6$~STKCKD$USESV7$~SHL$OSPACE$EBA8$MICROLIB$REQ8$PRES8$EABIv2 0x00000000   Number         0  anon$$obj.o ABSOLUTE
    __ARM_use_no_argv                        0x00000000   Number         0  main.o ABSOLUTE
    __arm_fini_                               - Undefined Weak Reference
    __cpp_initialize__aeabi_                  - Undefined Weak Reference
    __cxa_finalize                            - Undefined Weak Reference
    __decompress                              - Undefined Weak Reference
    _clock_init                               - Undefined Weak Reference
    _microlib_exit                            - Undefined Weak Reference
    __Vectors_Size                           0x000000ec   Number         0  startup_stm32f10x_md.o ABSOLUTE
    __Vectors                                0x08000000   Data           4  startup_stm32f10x_md.o(RESET)
    __Vectors_End                            0x080000ec   Data           0  startup_stm32f10x_md.o(RESET)
    __main                                   0x080000ed   Thumb Code     0  entry.o(.ARM.Collect$$$$00000000)
    _main_stk                                0x080000ed   Thumb Code     0  entry2.o(.ARM.Collect$$$$00000001)
    _main_scatterload                        0x080000f1   Thumb Code     0  entry5.o(.ARM.Collect$$$$00000004)
    __main_after_scatterload                 0x080000f5   Thumb Code     0  entry5.o(.ARM.Collect$$$$00000004)
    _main_clock                              0x080000f5   Thumb Code     0  entry7b.o(.ARM.Collect$$$$00000008)
    _main_cpp_init                           0x080000f5   Thumb Code     0  entry8b.o(.ARM.Collect$$$$0000000A)
    _main_init                               0x080000f5   Thumb Code     0  entry9a.o(.ARM.Collect$$$$0000000B)
    __rt_lib_shutdown_fini                   0x080000fd   Thumb Code     0  entry12b.o(.ARM.Collect$$$$0000000E)
    __rt_final_cpp                           0x08000101   Thumb Code     0  entry10a.o(.ARM.Collect$$$$0000000F)
    __rt_final_exit                          0x08000101   Thumb Code     0  entry11a.o(.ARM.Collect$$$$00000011)
    Reset_Handler                            0x08000105   Thumb Code     8  startup_stm32f10x_md.o(.text)
    ADC1_2_IRQHandler                        0x0800011f   Thumb Code     0  startup_stm32f10x_md.o(.text)
    CAN1_RX1_IRQHandler                      0x0800011f   Thumb Code     0  startup_stm32f10x_md.o(.text)
    CAN1_SCE_IRQHandler                      0x0800011f   Thumb Code     0  startup_stm32f10x_md.o(.text)
    DMA1_Channel1_IRQHandler                 0x0800011f   Thumb Code     0  startup_stm32f10x_md.o(.text)
    DMA1_Channel2_IRQHandler                 0x0800011f   Thumb Code     0  startup_stm32f10x_md.o(.text)
    DMA1_Channel3_IRQHandler                 0x0800011f   Thumb Code     0  startup_stm32f10x_md.o(.text)
    DMA1_Channel4_IRQHandler                 0x0800011f   Thumb Code     0  startup_stm32f10x_md.o(.text)
    DMA1_Channel5_IRQHandler                 0x0800011f   Thumb Code     0  startup_stm32f10x_md.o(.text)
    DMA1_Channel6_IRQHandler                 0x0800011f   Thumb Code     0  startup_stm32f10x_md.o(.text)
    DMA1_Channel7_IRQHandler                 0x0800011f   Thumb Code     0  startup_stm32f10x_md.o(.text)
    EXTI0_IRQHandler                         0x0800011f   Thumb Code     0  startup_stm32f10x_md.o(.text)
    EXTI15_10_IRQHandler                     0x0800011f   Thumb Code     0  startup_stm32f10x_md.o(.text)
    EXTI1_IRQHandler                         0x0800011f   Thumb Code     0  startup_stm32f10x_md.o(.text)
    EXTI2_IRQHandler                         0x0800011f   Thumb Code     0  startup_stm32f10x_md.o(.text)
    EXTI3_IRQHandler                         0x0800011f   Thumb Code     0  startup_stm32f10x_md.o(.text)
    EXTI4_IRQHandler                         0x0800011f   Thumb Code     0  startup_stm32f10x_md.o(.text)
    EXTI9_5_IRQHandler                       0x0800011f   Thumb Code     0  startup_stm32f10x_md.o(.text)
    FLASH_IRQHandler                         0x0800011f   Thumb Code     0  startup_stm32f10x_md.o(.text)
    I2C1_ER_IRQHandler                       0x0800011f   Thumb Code     0  startup_stm32f10x_md.o(.text)
    I2C1_EV_IRQHandler                       0x0800011f   Thumb Code     0  startup_stm32f10x_md.o(.text)
    I2C2_ER_IRQHandler                       0x0800011f   Thumb Code     0  startup_stm32f10x_md.o(.text)
    I2C2_EV_IRQHandler                       0x0800011f   Thumb Code     0  startup_stm32f10x_md.o(.text)
    PVD_IRQHandler                           0x0800011f   Thumb Code     0  startup_stm32f10x_md.o(.text)
    RCC_IRQHandler                           0x0800011f   Thumb Code     0  startup_stm32f10x_md.o(.text)
    RTCAlarm_IRQHandler                      0x0800011f   Thumb Code     0  startup_stm32f10x_md.o(.text)
    RTC_IRQHandler                           0x0800011f   Thumb Code     0  startup_stm32f10x_md.o(.text)
    SPI1_IRQHandler                          0x0800011f   Thumb Code     0  startup_stm32f10x_md.o(.text)
    SPI2_IRQHandler                          0x0800011f   Thumb Code     0  startup_stm32f10x_md.o(.text)
    TAMPER_IRQHandler                        0x0800011f   Thumb Code     0  startup_stm32f10x_md.o(.text)
    TIM1_BRK_IRQHandler                      0x0800011f   Thumb Code     0  startup_stm32f10x_md.o(.text)
    TIM1_CC_IRQHandler                       0x0800011f   Thumb Code     0  startup_stm32f10x_md.o(.text)
    TIM1_TRG_COM_IRQHandler                  0x0800011f   Thumb Code     0  startup_stm32f10x_md.o(.text)
    TIM2_IRQHandler                          0x0800011f   Thumb Code     0  startup_stm32f10x_md.o(.text)
    TIM3_IRQHandler                          0x0800011f   Thumb Code     0  startup_stm32f10x_md.o(.text)
    TIM4_IRQHandler                          0x0800011f   Thumb Code     0  startup_stm32f10x_md.o(.text)
    USART1_IRQHandler                        0x0800011f   Thumb Code     0  startup_stm32f10x_md.o(.text)
    USART2_IRQHandler                        0x0800011f   Thumb Code     0  startup_stm32f10x_md.o(.text)
    USART3_IRQHandler                        0x0800011f   Thumb Code     0  startup_stm32f10x_md.o(.text)
    USBWakeUp_IRQHandler                     0x0800011f   Thumb Code     0  startup_stm32f10x_md.o(.text)
    USB_HP_CAN1_TX_IRQHandler                0x0800011f   Thumb Code     0  startup_stm32f10x_md.o(.text)
    USB_LP_CAN1_RX0_IRQHandler               0x0800011f   Thumb Code     0  startup_stm32f10x_md.o(.text)
    WWDG_IRQHandler                          0x0800011f   Thumb Code     0  startup_stm32f10x_md.o(.text)
    __scatterload                            0x08000129   Thumb Code    28  init.o(.text)
    __scatterload_rt2                        0x08000129   Thumb Code     0  init.o(.text)
    BusFault_Handler                         0x0800014d   Thumb Code     2  stm32f10x_it.o(i.BusFault_Handler)
    Car_Backward                             0x0800014f   Thumb Code    40  motor.o(i.Car_Backward)
    Car_Forward                              0x08000177   Thumb Code    40  motor.o(i.Car_Forward)
    Car_TransLeft                            0x0800019f   Thumb Code    40  motor.o(i.Car_TransLeft)
    Car_TransRight                           0x080001c7   Thumb Code    40  motor.o(i.Car_TransRight)
    Car_TurnLeft                             0x080001ef   Thumb Code    40  motor.o(i.Car_TurnLeft)
    Car_TurnRight                            0x08000217   Thumb Code    40  motor.o(i.Car_TurnRight)
    DebugMon_Handler                         0x0800023f   Thumb Code     2  stm32f10x_it.o(i.DebugMon_Handler)
    Delay_ms                                 0x08000241   Thumb Code    24  delay.o(i.Delay_ms)
    Delay_us                                 0x08000259   Thumb Code    32  delay.o(i.Delay_us)
    GPIO_Init                                0x08000279   Thumb Code   166  stm32f10x_gpio.o(i.GPIO_Init)
    GPIO_ReadInputDataBit                    0x0800031f   Thumb Code    14  stm32f10x_gpio.o(i.GPIO_ReadInputDataBit)
    GPIO_ResetBits                           0x0800032d   Thumb Code     4  stm32f10x_gpio.o(i.GPIO_ResetBits)
    GPIO_SetBits                             0x08000331   Thumb Code     4  stm32f10x_gpio.o(i.GPIO_SetBits)
    HardFault_Handler                        0x08000335   Thumb Code     2  stm32f10x_it.o(i.HardFault_Handler)
    MemManage_Handler                        0x08000337   Thumb Code     2  stm32f10x_it.o(i.MemManage_Handler)
    Motor1_SetSpeed                          0x08000339   Thumb Code    60  motor.o(i.Motor1_SetSpeed)
    Motor2_SetSpeed                          0x08000375   Thumb Code    60  motor.o(i.Motor2_SetSpeed)
    Motor3_SetSpeed                          0x080003b1   Thumb Code    58  motor.o(i.Motor3_SetSpeed)
    Motor4_SetSpeed                          0x080003f1   Thumb Code    58  motor.o(i.Motor4_SetSpeed)
    Motor_Init                               0x08000431   Thumb Code   308  motor.o(i.Motor_Init)
    NMI_Handler                              0x08000571   Thumb Code     2  stm32f10x_it.o(i.NMI_Handler)
    NVIC_Init                                0x08000575   Thumb Code    96  misc.o(i.NVIC_Init)
    NVIC_PriorityGroupConfig                 0x080005d9   Thumb Code    10  misc.o(i.NVIC_PriorityGroupConfig)
    PS2_CS_H                                 0x080005ed   Thumb Code     8  ps2.o(i.PS2_CS_H)
    PS2_CS_L                                 0x080005f9   Thumb Code     8  ps2.o(i.PS2_CS_L)
    PS2_Cmd                                  0x08000605   Thumb Code    82  ps2.o(i.PS2_Cmd)
    PS2_DI                                   0x08000659   Thumb Code     8  ps2.o(i.PS2_DI)
    PS2_DO_H                                 0x08000665   Thumb Code     8  ps2.o(i.PS2_DO_H)
    PS2_DO_L                                 0x08000671   Thumb Code     8  ps2.o(i.PS2_DO_L)
    PS2_Delay_US                             0x0800067d   Thumb Code    10  ps2.o(i.PS2_Delay_US)
    PS2_EnterConfing                         0x08000687   Thumb Code    80  ps2.o(i.PS2_EnterConfing)
    PS2_ExitConfing                          0x080006d7   Thumb Code    80  ps2.o(i.PS2_ExitConfing)
    PS2_GPIO_Init                            0x08000729   Thumb Code    64  ps2.o(i.PS2_GPIO_Init)
    PS2_Init                                 0x0800076d   Thumb Code    46  ps2.o(i.PS2_Init)
    PS2_ReadData                             0x0800079d   Thumb Code    62  ps2.o(i.PS2_ReadData)
    PS2_SCK_H                                0x080007e5   Thumb Code     8  ps2.o(i.PS2_SCK_H)
    PS2_SCK_L                                0x080007f1   Thumb Code     8  ps2.o(i.PS2_SCK_L)
    PS2_ShortPoll                            0x080007fd   Thumb Code    56  ps2.o(i.PS2_ShortPoll)
    PS2_TurnOnAnalogMode                     0x08000835   Thumb Code    80  ps2.o(i.PS2_TurnOnAnalogMode)
    PendSV_Handler                           0x08000885   Thumb Code     2  stm32f10x_it.o(i.PendSV_Handler)
    RCC_APB1PeriphClockCmd                   0x08000889   Thumb Code    22  stm32f10x_rcc.o(i.RCC_APB1PeriphClockCmd)
    RCC_APB2PeriphClockCmd                   0x080008a5   Thumb Code    22  stm32f10x_rcc.o(i.RCC_APB2PeriphClockCmd)
    RobotArm_DropHand                        0x080008c1   Thumb Code    12  servo.o(i.RobotArm_DropHand)
    RobotArm_LetHand                         0x080008d1   Thumb Code    12  servo.o(i.RobotArm_LetHand)
    RobotArm_RaiseHand                       0x080008e1   Thumb Code    12  servo.o(i.RobotArm_RaiseHand)
    RobotArm_ShakeHand                       0x080008f1   Thumb Code    12  servo.o(i.RobotArm_ShakeHand)
    RobotArm_ShinkHand                       0x08000901   Thumb Code    12  servo.o(i.RobotArm_ShinkHand)
    RobotArm_StrechHand                      0x08000911   Thumb Code    12  servo.o(i.RobotArm_StrechHand)
    Robot_Arm_Gpio_Init                      0x08000921   Thumb Code    50  servo.o(i.Robot_Arm_Gpio_Init)
    Robot_LeftPwm_Set                        0x08000959   Thumb Code    24  servo.o(i.Robot_LeftPwm_Set)
    Robot_RightPwm_Set                       0x08000975   Thumb Code    24  servo.o(i.Robot_RightPwm_Set)
    Robot_UpPwm_Set                          0x08000991   Thumb Code    24  servo.o(i.Robot_UpPwm_Set)
    SVC_Handler                              0x080009ad   Thumb Code     2  stm32f10x_it.o(i.SVC_Handler)
    Servo_Init                               0x080009b1   Thumb Code    42  servo.o(i.Servo_Init)
    Servo_Time_Init                          0x080009e1   Thumb Code   108  servo.o(i.Servo_Time_Init)
    SysTick_Handler                          0x08000b05   Thumb Code     2  stm32f10x_it.o(i.SysTick_Handler)
    SystemInit                               0x08000b09   Thumb Code    64  system_stm32f10x.o(i.SystemInit)
    TIM1_UP_IRQHandler                       0x08000b59   Thumb Code   144  servo.o(i.TIM1_UP_IRQHandler)
    TIM_ClearFlag                            0x08000bf5   Thumb Code     6  stm32f10x_tim.o(i.TIM_ClearFlag)
    TIM_ClearITPendingBit                    0x08000bfb   Thumb Code     6  stm32f10x_tim.o(i.TIM_ClearITPendingBit)
    TIM_Cmd                                  0x08000c01   Thumb Code    24  stm32f10x_tim.o(i.TIM_Cmd)
    TIM_GetITStatus                          0x08000c19   Thumb Code    24  stm32f10x_tim.o(i.TIM_GetITStatus)
    TIM_ITConfig                             0x08000c31   Thumb Code    20  stm32f10x_tim.o(i.TIM_ITConfig)
    TIM_InternalClockConfig                  0x08000c45   Thumb Code    10  stm32f10x_tim.o(i.TIM_InternalClockConfig)
    TIM_OC1Init                              0x08000c51   Thumb Code   114  stm32f10x_tim.o(i.TIM_OC1Init)
    TIM_OC2Init                              0x08000cd9   Thumb Code   128  stm32f10x_tim.o(i.TIM_OC2Init)
    TIM_OC3Init                              0x08000d61   Thumb Code   124  stm32f10x_tim.o(i.TIM_OC3Init)
    TIM_OC4Init                              0x08000de5   Thumb Code    94  stm32f10x_tim.o(i.TIM_OC4Init)
    TIM_OCStructInit                         0x08000e4d   Thumb Code    20  stm32f10x_tim.o(i.TIM_OCStructInit)
    TIM_SetCompare1                          0x08000e61   Thumb Code     4  stm32f10x_tim.o(i.TIM_SetCompare1)
    TIM_SetCompare2                          0x08000e65   Thumb Code     4  stm32f10x_tim.o(i.TIM_SetCompare2)
    TIM_SetCompare3                          0x08000e69   Thumb Code     4  stm32f10x_tim.o(i.TIM_SetCompare3)
    TIM_SetCompare4                          0x08000e6d   Thumb Code     6  stm32f10x_tim.o(i.TIM_SetCompare4)
    TIM_TimeBaseInit                         0x08000e75   Thumb Code   114  stm32f10x_tim.o(i.TIM_TimeBaseInit)
    UsageFault_Handler                       0x08000f11   Thumb Code     2  stm32f10x_it.o(i.UsageFault_Handler)
    __scatterload_copy                       0x08000f13   Thumb Code    14  handlers.o(i.__scatterload_copy)
    __scatterload_null                       0x08000f21   Thumb Code     2  handlers.o(i.__scatterload_null)
    __scatterload_zeroinit                   0x08000f23   Thumb Code    14  handlers.o(i.__scatterload_zeroinit)
    main                                     0x08000f31   Thumb Code   478  main.o(i.main)
    ps2_get_anolog_data                      0x08001115   Thumb Code     6  ps2.o(i.ps2_get_anolog_data)
    ps2_get_key_state                        0x08001121   Thumb Code    20  ps2.o(i.ps2_get_key_state)
    ps2_key_serch                            0x08001139   Thumb Code    74  ps2.o(i.ps2_key_serch)
    ps2_mode_get                             0x0800118d   Thumb Code    34  ps2.o(i.ps2_mode_get)
    Region$$Table$$Base                      0x080011b8   Number         0  anon$$obj.o(Region$$Table)
    Region$$Table$$Limit                     0x080011d8   Number         0  anon$$obj.o(Region$$Table)
    counter                                  0x20000000   Data           2  servo.o(.data)
    robotarm_left                            0x20000002   Data           4  servo.o(.data)
    robotarm_up                              0x20000006   Data           4  servo.o(.data)
    robotarm_right                           0x2000000a   Data           4  servo.o(.data)
    ps2_mode                                 0x20000010   Data           1  ps2.o(.data)
    Handkey                                  0x20000014   Data           4  ps2.o(.data)
    Comd                                     0x20000018   Data           9  ps2.o(.data)
    MASK                                     0x20000024   Data         128  ps2.o(.data)
    KeyNum                                   0x200000a4   Data           1  main.o(.data)
    PS2_Mode                                 0x200000a5   Data           1  main.o(.data)
    Last_PS2_Mode                            0x200000a6   Data           1  main.o(.data)
    Data                                     0x200000a8   Data           9  ps2.o(.bss)
    __initial_sp                             0x200004b8   Data           0  startup_stm32f10x_md.o(STACK)



==============================================================================

Memory Map of the image

  Image Entry point : 0x080000ed

  Load Region LR_IROM1 (Base: 0x08000000, Size: 0x00001280, Max: 0x00010000, ABSOLUTE)

    Execution Region ER_IROM1 (Exec base: 0x08000000, Load base: 0x08000000, Size: 0x000011d8, Max: 0x00010000, ABSOLUTE)

    Exec Addr    Load Addr    Size         Type   Attr      Idx    E Section Name        Object

    0x08000000   0x08000000   0x000000ec   Data   RO            3    RESET               startup_stm32f10x_md.o
    0x080000ec   0x080000ec   0x00000000   Code   RO         3688  * .ARM.Collect$$$$00000000  mc_w.l(entry.o)
    0x080000ec   0x080000ec   0x00000004   Code   RO         3691    .ARM.Collect$$$$00000001  mc_w.l(entry2.o)
    0x080000f0   0x080000f0   0x00000004   Code   RO         3694    .ARM.Collect$$$$00000004  mc_w.l(entry5.o)
    0x080000f4   0x080000f4   0x00000000   Code   RO         3696    .ARM.Collect$$$$00000008  mc_w.l(entry7b.o)
    0x080000f4   0x080000f4   0x00000000   Code   RO         3698    .ARM.Collect$$$$0000000A  mc_w.l(entry8b.o)
    0x080000f4   0x080000f4   0x00000008   Code   RO         3699    .ARM.Collect$$$$0000000B  mc_w.l(entry9a.o)
    0x080000fc   0x080000fc   0x00000004   Code   RO         3706    .ARM.Collect$$$$0000000E  mc_w.l(entry12b.o)
    0x08000100   0x08000100   0x00000000   Code   RO         3701    .ARM.Collect$$$$0000000F  mc_w.l(entry10a.o)
    0x08000100   0x08000100   0x00000000   Code   RO         3703    .ARM.Collect$$$$00000011  mc_w.l(entry11a.o)
    0x08000100   0x08000100   0x00000004   Code   RO         3692    .ARM.Collect$$$$00002712  mc_w.l(entry2.o)
    0x08000104   0x08000104   0x00000024   Code   RO            4    .text               startup_stm32f10x_md.o
    0x08000128   0x08000128   0x00000024   Code   RO         3707    .text               mc_w.l(init.o)
    0x0800014c   0x0800014c   0x00000002   Code   RO         3625    i.BusFault_Handler  stm32f10x_it.o
    0x0800014e   0x0800014e   0x00000028   Code   RO         3238    i.Car_Backward      motor.o
    0x08000176   0x08000176   0x00000028   Code   RO         3239    i.Car_Forward       motor.o
    0x0800019e   0x0800019e   0x00000028   Code   RO         3241    i.Car_TransLeft     motor.o
    0x080001c6   0x080001c6   0x00000028   Code   RO         3242    i.Car_TransRight    motor.o
    0x080001ee   0x080001ee   0x00000028   Code   RO         3243    i.Car_TurnLeft      motor.o
    0x08000216   0x08000216   0x00000028   Code   RO         3244    i.Car_TurnRight     motor.o
    0x0800023e   0x0800023e   0x00000002   Code   RO         3626    i.DebugMon_Handler  stm32f10x_it.o
    0x08000240   0x08000240   0x00000018   Code   RO         3196    i.Delay_ms          delay.o
    0x08000258   0x08000258   0x00000020   Code   RO         3198    i.Delay_us          delay.o
    0x08000278   0x08000278   0x000000a6   Code   RO         1347    i.GPIO_Init         stm32f10x_gpio.o
    0x0800031e   0x0800031e   0x0000000e   Code   RO         1351    i.GPIO_ReadInputDataBit  stm32f10x_gpio.o
    0x0800032c   0x0800032c   0x00000004   Code   RO         1354    i.GPIO_ResetBits    stm32f10x_gpio.o
    0x08000330   0x08000330   0x00000004   Code   RO         1355    i.GPIO_SetBits      stm32f10x_gpio.o
    0x08000334   0x08000334   0x00000002   Code   RO         3627    i.HardFault_Handler  stm32f10x_it.o
    0x08000336   0x08000336   0x00000002   Code   RO         3628    i.MemManage_Handler  stm32f10x_it.o
    0x08000338   0x08000338   0x0000003c   Code   RO         3245    i.Motor1_SetSpeed   motor.o
    0x08000374   0x08000374   0x0000003c   Code   RO         3246    i.Motor2_SetSpeed   motor.o
    0x080003b0   0x080003b0   0x00000040   Code   RO         3247    i.Motor3_SetSpeed   motor.o
    0x080003f0   0x080003f0   0x00000040   Code   RO         3248    i.Motor4_SetSpeed   motor.o
    0x08000430   0x08000430   0x00000140   Code   RO         3249    i.Motor_Init        motor.o
    0x08000570   0x08000570   0x00000002   Code   RO         3629    i.NMI_Handler       stm32f10x_it.o
    0x08000572   0x08000572   0x00000002   PAD
    0x08000574   0x08000574   0x00000064   Code   RO          137    i.NVIC_Init         misc.o
    0x080005d8   0x080005d8   0x00000014   Code   RO          138    i.NVIC_PriorityGroupConfig  misc.o
    0x080005ec   0x080005ec   0x0000000c   Code   RO         3445    i.PS2_CS_H          ps2.o
    0x080005f8   0x080005f8   0x0000000c   Code   RO         3446    i.PS2_CS_L          ps2.o
    0x08000604   0x08000604   0x00000052   Code   RO         3448    i.PS2_Cmd           ps2.o
    0x08000656   0x08000656   0x00000002   PAD
    0x08000658   0x08000658   0x0000000c   Code   RO         3449    i.PS2_DI            ps2.o
    0x08000664   0x08000664   0x0000000c   Code   RO         3450    i.PS2_DO_H          ps2.o
    0x08000670   0x08000670   0x0000000c   Code   RO         3451    i.PS2_DO_L          ps2.o
    0x0800067c   0x0800067c   0x0000000a   Code   RO         3452    i.PS2_Delay_US      ps2.o
    0x08000686   0x08000686   0x00000050   Code   RO         3453    i.PS2_EnterConfing  ps2.o
    0x080006d6   0x080006d6   0x00000050   Code   RO         3454    i.PS2_ExitConfing   ps2.o
    0x08000726   0x08000726   0x00000002   PAD
    0x08000728   0x08000728   0x00000044   Code   RO         3455    i.PS2_GPIO_Init     ps2.o
    0x0800076c   0x0800076c   0x0000002e   Code   RO         3456    i.PS2_Init          ps2.o
    0x0800079a   0x0800079a   0x00000002   PAD
    0x0800079c   0x0800079c   0x00000048   Code   RO         3457    i.PS2_ReadData      ps2.o
    0x080007e4   0x080007e4   0x0000000c   Code   RO         3458    i.PS2_SCK_H         ps2.o
    0x080007f0   0x080007f0   0x0000000c   Code   RO         3459    i.PS2_SCK_L         ps2.o
    0x080007fc   0x080007fc   0x00000038   Code   RO         3460    i.PS2_ShortPoll     ps2.o
    0x08000834   0x08000834   0x00000050   Code   RO         3461    i.PS2_TurnOnAnalogMode  ps2.o
    0x08000884   0x08000884   0x00000002   Code   RO         3630    i.PendSV_Handler    stm32f10x_it.o
    0x08000886   0x08000886   0x00000002   PAD
    0x08000888   0x08000888   0x0000001c   Code   RO         1775    i.RCC_APB1PeriphClockCmd  stm32f10x_rcc.o
    0x080008a4   0x080008a4   0x0000001c   Code   RO         1777    i.RCC_APB2PeriphClockCmd  stm32f10x_rcc.o
    0x080008c0   0x080008c0   0x00000010   Code   RO         3355    i.RobotArm_DropHand  servo.o
    0x080008d0   0x080008d0   0x00000010   Code   RO         3356    i.RobotArm_LetHand  servo.o
    0x080008e0   0x080008e0   0x00000010   Code   RO         3357    i.RobotArm_RaiseHand  servo.o
    0x080008f0   0x080008f0   0x00000010   Code   RO         3358    i.RobotArm_ShakeHand  servo.o
    0x08000900   0x08000900   0x00000010   Code   RO         3359    i.RobotArm_ShinkHand  servo.o
    0x08000910   0x08000910   0x00000010   Code   RO         3360    i.RobotArm_StrechHand  servo.o
    0x08000920   0x08000920   0x00000038   Code   RO         3361    i.Robot_Arm_Gpio_Init  servo.o
    0x08000958   0x08000958   0x0000001c   Code   RO         3362    i.Robot_LeftPwm_Set  servo.o
    0x08000974   0x08000974   0x0000001c   Code   RO         3363    i.Robot_RightPwm_Set  servo.o
    0x08000990   0x08000990   0x0000001c   Code   RO         3364    i.Robot_UpPwm_Set   servo.o
    0x080009ac   0x080009ac   0x00000002   Code   RO         3631    i.SVC_Handler       stm32f10x_it.o
    0x080009ae   0x080009ae   0x00000002   PAD
    0x080009b0   0x080009b0   0x00000030   Code   RO         3365    i.Servo_Init        servo.o
    0x080009e0   0x080009e0   0x00000070   Code   RO         3366    i.Servo_Time_Init   servo.o
    0x08000a50   0x08000a50   0x00000004   Code   RO           24    i.SetSysClock       system_stm32f10x.o
    0x08000a54   0x08000a54   0x000000b0   Code   RO           25    i.SetSysClockTo72   system_stm32f10x.o
    0x08000b04   0x08000b04   0x00000002   Code   RO         3632    i.SysTick_Handler   stm32f10x_it.o
    0x08000b06   0x08000b06   0x00000002   PAD
    0x08000b08   0x08000b08   0x00000050   Code   RO           27    i.SystemInit        system_stm32f10x.o
    0x08000b58   0x08000b58   0x0000009c   Code   RO         3367    i.TIM1_UP_IRQHandler  servo.o
    0x08000bf4   0x08000bf4   0x00000006   Code   RO         2415    i.TIM_ClearFlag     stm32f10x_tim.o
    0x08000bfa   0x08000bfa   0x00000006   Code   RO         2416    i.TIM_ClearITPendingBit  stm32f10x_tim.o
    0x08000c00   0x08000c00   0x00000018   Code   RO         2421    i.TIM_Cmd           stm32f10x_tim.o
    0x08000c18   0x08000c18   0x00000018   Code   RO         2442    i.TIM_GetITStatus   stm32f10x_tim.o
    0x08000c30   0x08000c30   0x00000014   Code   RO         2446    i.TIM_ITConfig      stm32f10x_tim.o
    0x08000c44   0x08000c44   0x0000000a   Code   RO         2448    i.TIM_InternalClockConfig  stm32f10x_tim.o
    0x08000c4e   0x08000c4e   0x00000002   PAD
    0x08000c50   0x08000c50   0x00000088   Code   RO         2450    i.TIM_OC1Init       stm32f10x_tim.o
    0x08000cd8   0x08000cd8   0x00000088   Code   RO         2455    i.TIM_OC2Init       stm32f10x_tim.o
    0x08000d60   0x08000d60   0x00000084   Code   RO         2460    i.TIM_OC3Init       stm32f10x_tim.o
    0x08000de4   0x08000de4   0x00000068   Code   RO         2465    i.TIM_OC4Init       stm32f10x_tim.o
    0x08000e4c   0x08000e4c   0x00000014   Code   RO         2468    i.TIM_OCStructInit  stm32f10x_tim.o
    0x08000e60   0x08000e60   0x00000004   Code   RO         2482    i.TIM_SetCompare1   stm32f10x_tim.o
    0x08000e64   0x08000e64   0x00000004   Code   RO         2483    i.TIM_SetCompare2   stm32f10x_tim.o
    0x08000e68   0x08000e68   0x00000004   Code   RO         2484    i.TIM_SetCompare3   stm32f10x_tim.o
    0x08000e6c   0x08000e6c   0x00000006   Code   RO         2485    i.TIM_SetCompare4   stm32f10x_tim.o
    0x08000e72   0x08000e72   0x00000002   PAD
    0x08000e74   0x08000e74   0x0000009c   Code   RO         2492    i.TIM_TimeBaseInit  stm32f10x_tim.o
    0x08000f10   0x08000f10   0x00000002   Code   RO         3633    i.UsageFault_Handler  stm32f10x_it.o
    0x08000f12   0x08000f12   0x0000000e   Code   RO         3711    i.__scatterload_copy  mc_w.l(handlers.o)
    0x08000f20   0x08000f20   0x00000002   Code   RO         3712    i.__scatterload_null  mc_w.l(handlers.o)
    0x08000f22   0x08000f22   0x0000000e   Code   RO         3713    i.__scatterload_zeroinit  mc_w.l(handlers.o)
    0x08000f30   0x08000f30   0x000001e4   Code   RO         3597    i.main              main.o
    0x08001114   0x08001114   0x0000000c   Code   RO         3464    i.ps2_get_anolog_data  ps2.o
    0x08001120   0x08001120   0x00000018   Code   RO         3465    i.ps2_get_key_state  ps2.o
    0x08001138   0x08001138   0x00000054   Code   RO         3466    i.ps2_key_serch     ps2.o
    0x0800118c   0x0800118c   0x0000002c   Code   RO         3467    i.ps2_mode_get      ps2.o
    0x080011b8   0x080011b8   0x00000020   Data   RO         3709    Region$$Table       anon$$obj.o


    Execution Region RW_IRAM1 (Exec base: 0x20000000, Load base: 0x080011d8, Size: 0x000004b8, Max: 0x00005000, ABSOLUTE)

    Exec Addr    Load Addr    Size         Type   Attr      Idx    E Section Name        Object

    0x20000000   0x080011d8   0x0000000e   Data   RW         3368    .data               servo.o
    0x2000000e   0x080011e6   0x00000002   PAD
    0x20000010   0x080011e8   0x00000094   Data   RW         3470    .data               ps2.o
    0x200000a4   0x0800127c   0x00000003   Data   RW         3598    .data               main.o
    0x200000a7   0x0800127f   0x00000001   PAD
    0x200000a8        -       0x00000009   Zero   RW         3468    .bss                ps2.o
    0x200000b1   0x0800127f   0x00000007   PAD
    0x200000b8        -       0x00000400   Zero   RW            1    STACK               startup_stm32f10x_md.o


==============================================================================

Image component sizes


      Code (inc. data)   RO Data    RW Data    ZI Data      Debug   Object Name

         0          0          0          0          0       4516   core_cm3.o
        56          0          0          0          0        858   delay.o
       484          6          0          3          0       1199   main.o
       120         14          0          0          0     204635   misc.o
       808         24          0          0          0       5866   motor.o
       822         72          0        148          9       9378   ps2.o
       552         64          0         14          0       6548   servo.o
        36          8        236          0       1024        780   startup_stm32f10x_md.o
         0          0          0          0          0       1620   stm32f10x_adc.o
       188          0          0          0          0      11668   stm32f10x_gpio.o
        18          0          0          0          0       3398   stm32f10x_it.o
        56         12          0          0          0       1042   stm32f10x_rcc.o
       792         90          0          0          0      29935   stm32f10x_tim.o
       260         26          0          0          0      30245   system_stm32f10x.o

    ----------------------------------------------------------------------
      4210        316        268        168       1040     311688   Object Totals
         0          0         32          0          0          0   (incl. Generated)
        18          0          0          3          7          0   (incl. Padding)

    ----------------------------------------------------------------------

      Code (inc. data)   RO Data    RW Data    ZI Data      Debug   Library Member Name

         0          0          0          0          0          0   entry.o
         0          0          0          0          0          0   entry10a.o
         0          0          0          0          0          0   entry11a.o
         4          0          0          0          0          0   entry12b.o
         8          4          0          0          0          0   entry2.o
         4          0          0          0          0          0   entry5.o
         0          0          0          0          0          0   entry7b.o
         0          0          0          0          0          0   entry8b.o
         8          4          0          0          0          0   entry9a.o
        30          0          0          0          0          0   handlers.o
        36          8          0          0          0         68   init.o

    ----------------------------------------------------------------------
        90         16          0          0          0         68   Library Totals
         0          0          0          0          0          0   (incl. Padding)

    ----------------------------------------------------------------------

      Code (inc. data)   RO Data    RW Data    ZI Data      Debug   Library Name

        90         16          0          0          0         68   mc_w.l

    ----------------------------------------------------------------------
        90         16          0          0          0         68   Library Totals

    ----------------------------------------------------------------------

==============================================================================


      Code (inc. data)   RO Data    RW Data    ZI Data      Debug   

      4300        332        268        168       1040     307852   Grand Totals
      4300        332        268        168       1040     307852   ELF Image Totals
      4300        332        268        168          0          0   ROM Totals

==============================================================================

    Total RO  Size (Code + RO Data)                 4568 (   4.46kB)
    Total RW  Size (RW Data + ZI Data)              1208 (   1.18kB)
    Total ROM Size (Code + RO Data + RW Data)       4736 (   4.63kB)

==============================================================================

